2017-10-05 16:33:03 DEBUG CheckLoggerExample:27 - this is warn
2017-10-05 16:33:03 ERROR CheckLoggerExample:28 - this is error
2017-10-05 16:33:03 FATAL CheckLoggerExample:29 - this is fatel
2017-10-05 16:57:53 DEBUG WebServerInitializer:10 - This is simple log message: debug
2017-10-05 17:32:05 DEBUG WebServerInitializer:10 - Web Server Initializing
2017-10-05 17:32:05 DEBUG WebServerInitializer:12 - In thread 
2017-10-05 17:32:05 DEBUG WebServerInitializer:19 - server socket started at PORT 8065
2017-10-05 17:33:19 DEBUG WebServerInitializer:23 - Connection is established
2017-10-05 17:33:20 DEBUG WebServerInitializer:41 - Connection closed!!!
2017-10-05 17:33:21 DEBUG WebServerInitializer:23 - Connection is established
2017-10-05 17:33:21 DEBUG WebServerInitializer:41 - Connection closed!!!
2017-10-05 17:41:22 DEBUG WebServerInitializer:10 - Web Server Initializing
2017-10-05 17:41:22 DEBUG WebServer:12 - In thread 
2017-10-05 17:41:22 DEBUG WebServer:19 - server socket started at PORT 8065
2017-10-06 12:10:21 INFO  WebServerInitializer:10 - Web Server Initializing...
2017-10-06 12:10:21 INFO  WebServer:12 - In thread 
2017-10-06 12:10:21 INFO  WebServer:16 - server socket started at PORT 8065
2017-10-06 12:50:45 INFO  WebServer:20 - Connection is established
2017-10-06 12:50:46 INFO  HTTPHandle:41 - Connection closed!!!
2017-10-06 12:50:46 INFO  WebServer:20 - Connection is established
2017-10-06 12:50:47 INFO  HTTPHandle:41 - Connection closed!!!
2017-10-06 13:35:57 INFO  WebServerInitializer:10 - Web Server Initializing...
2017-10-06 13:35:57 INFO  WebServer:12 - In thread 
2017-10-06 13:35:57 INFO  WebServer:16 - server socket started at PORT 8065
2017-10-06 13:36:14 INFO  WebServer:20 - Connection is established
2017-10-06 13:36:14 INFO  HTTPHandle:41 - Connection closed!!!
2017-10-06 13:36:16 INFO  WebServer:20 - Connection is established
2017-10-06 13:36:16 INFO  HTTPHandle:41 - Connection closed!!!
2017-10-06 13:38:19 INFO  WebServerInitializer:10 - Web Server Initializing...
2017-10-06 13:38:19 INFO  WebServer:12 - In thread 
2017-10-06 13:38:19 INFO  WebServer:16 - server socket started at PORT 8065
2017-10-06 13:38:24 INFO  WebServer:20 - Connection is established
2017-10-06 13:38:24 INFO  HTTPHandle:41 - Connection closed!!!
2017-10-06 13:38:24 INFO  WebServer:20 - Connection is established
2017-10-06 13:38:24 INFO  HTTPHandle:41 - Connection closed!!!
2017-10-06 13:42:12 INFO  WebServerInitializer:10 - Web Server Initializing...
2017-10-06 13:42:12 INFO  WebServer:12 - In thread 
2017-10-06 13:42:12 INFO  WebServer:16 - server socket started at PORT 8065
2017-10-06 13:42:20 INFO  WebServer:20 - Connection is established
2017-10-06 13:42:20 INFO  HTTPHandle:41 - Connection closed!!!
2017-10-06 13:42:20 INFO  WebServer:20 - Connection is established
2017-10-06 13:42:21 INFO  HTTPHandle:41 - Connection closed!!!
2017-10-06 14:52:33 INFO  WebServerInitializer:11 - Web Server Initializing...
2017-10-06 14:52:33 INFO  WebServer:12 - In thread 
2017-10-06 14:52:33 INFO  WebServer:16 - server socket started at PORT 8065
2017-10-06 14:53:13 INFO  WebServerInitializer:11 - Web Server Initializing...
2017-10-06 14:53:13 INFO  WebServer:12 - In thread 
2017-10-06 14:53:13 INFO  WebServer:16 - server socket started at PORT 8065
2017-10-06 14:53:29 INFO  WebServerInitializer:11 - Web Server Initializing...
2017-10-06 14:53:29 INFO  WebServer:12 - In thread 
2017-10-06 14:53:29 INFO  WebServer:16 - server socket started at PORT 8065
2017-10-06 15:01:39 INFO  WebServerInitializer:11 - Web Server Initializing...
2017-10-06 15:01:39 INFO  WebServer:12 - In thread 
2017-10-06 15:01:39 INFO  WebServer:16 - server socket started at PORT 8065
2017-10-06 15:16:38 INFO  WebServerInitializer:11 - Web Server Initializing...
2017-10-06 15:16:39 INFO  WebServer:12 - In thread 
2017-10-06 15:16:39 INFO  WebServer:16 - server socket started at PORT 8065
2017-10-06 15:25:57 INFO  WebServerInitializer:11 - Web Server Initializing...
2017-10-06 15:25:57 INFO  WebServer:12 - In thread 
2017-10-06 15:25:57 INFO  WebServer:16 - server socket started at PORT 8065
2017-10-06 15:36:40 INFO  WebServer:20 - Connection is established
2017-10-06 16:17:17 INFO  WebServerInitializer:11 - Web Server Initializing...
2017-10-06 16:17:17 INFO  WebServer:12 - In thread 
2017-10-06 16:17:17 INFO  WebServer:16 - server socket started at PORT 8065
2017-10-06 16:17:26 INFO  WebServer:20 - Connection is established
2017-10-06 16:17:28 INFO  HTTPHandle:42 - Connection closed!!!
2017-10-06 16:17:28 INFO  WebServer:20 - Connection is established
2017-10-06 16:18:23 INFO  WebServerInitializer:11 - Web Server Initializing...
2017-10-06 16:18:23 INFO  WebServer:12 - In thread 
2017-10-06 16:18:23 INFO  WebServer:16 - server socket started at PORT 8065
2017-10-06 16:19:18 INFO  WebServer:20 - Connection is established
2017-10-06 16:19:18 INFO  HTTPHandle:42 - Connection closed!!!
2017-10-06 16:19:18 INFO  WebServer:20 - Connection is established
2017-10-06 16:19:19 INFO  HTTPHandle:42 - Connection closed!!!
2017-10-06 16:19:26 INFO  WebServer:20 - Connection is established
2017-10-06 16:19:26 INFO  HTTPHandle:42 - Connection closed!!!
2017-10-06 16:19:26 INFO  WebServer:20 - Connection is established
2017-10-06 16:19:26 INFO  HTTPHandle:42 - Connection closed!!!
2017-10-06 16:19:26 INFO  WebServer:20 - Connection is established
2017-10-06 16:20:23 INFO  WebServerInitializer:11 - Web Server Initializing...
2017-10-06 16:20:23 INFO  WebServer:12 - In thread 
2017-10-06 16:20:23 INFO  WebServer:16 - server socket started at PORT 8065
2017-10-06 16:20:23 INFO  WebServer:20 - Connection is established
2017-10-06 16:20:28 INFO  HTTPHandle:42 - Connection closed!!!
2017-10-06 16:20:28 INFO  WebServer:20 - Connection is established
2017-10-06 16:20:28 INFO  HTTPHandle:42 - Connection closed!!!
2017-10-06 16:20:48 INFO  WebServerInitializer:11 - Web Server Initializing...
2017-10-06 16:20:48 INFO  WebServer:12 - In thread 
2017-10-06 16:20:48 INFO  WebServer:16 - server socket started at PORT 8065
2017-10-06 16:21:01 INFO  WebServer:20 - Connection is established
2017-10-06 16:21:01 INFO  HTTPHandle:42 - Connection closed!!!
2017-10-06 16:21:01 INFO  WebServer:20 - Connection is established
2017-10-06 16:21:01 INFO  HTTPHandle:42 - Connection closed!!!
2017-10-06 16:27:16 INFO  WebServerInitializer:11 - Web Server Initializing...
2017-10-06 16:27:16 INFO  WebServer:12 - In thread 
2017-10-06 16:27:16 INFO  WebServer:16 - server socket started at PORT 8065
2017-10-06 16:27:23 INFO  WebServer:20 - Connection is established
2017-10-06 16:27:23 INFO  JDBCManager:24 - Connecting to database...
2017-10-06 16:27:24 INFO  HTTPHandle:42 - Connection closed!!!
2017-10-06 16:27:24 INFO  WebServer:20 - Connection is established
2017-10-06 16:27:24 INFO  JDBCManager:24 - Connecting to database...
2017-10-06 16:27:24 INFO  HTTPHandle:42 - Connection closed!!!
2017-10-06 16:27:41 INFO  WebServer:20 - Connection is established
2017-10-06 16:27:41 INFO  JDBCManager:24 - Connecting to database...
2017-10-06 16:27:41 INFO  HTTPHandle:42 - Connection closed!!!
2017-10-06 16:27:41 INFO  WebServer:20 - Connection is established
2017-10-06 16:27:41 INFO  JDBCManager:24 - Connecting to database...
2017-10-06 16:27:41 INFO  HTTPHandle:42 - Connection closed!!!
2017-10-06 16:28:01 INFO  WebServerInitializer:11 - Web Server Initializing...
2017-10-06 16:28:01 INFO  WebServer:12 - In thread 
2017-10-06 16:28:01 INFO  WebServer:16 - server socket started at PORT 8065
2017-10-06 16:28:59 INFO  WebServerInitializer:11 - Web Server Initializing...
2017-10-06 16:28:59 INFO  WebServer:12 - In thread 
2017-10-06 16:28:59 INFO  WebServer:16 - server socket started at PORT 8065
2017-10-06 16:29:16 INFO  WebServerInitializer:11 - Web Server Initializing...
2017-10-06 16:29:16 INFO  WebServer:12 - In thread 
2017-10-06 16:29:16 INFO  WebServer:16 - server socket started at PORT 8065
2017-10-06 16:29:54 INFO  WebServerInitializer:11 - Web Server Initializing...
2017-10-06 16:29:54 INFO  WebServer:12 - In thread 
2017-10-06 16:29:54 INFO  WebServer:16 - server socket started at PORT 8065
2017-10-06 16:30:09 INFO  WebServerInitializer:11 - Web Server Initializing...
2017-10-06 16:30:09 INFO  WebServer:12 - In thread 
2017-10-06 16:30:09 INFO  WebServer:16 - server socket started at PORT 8065
2017-10-06 16:30:22 INFO  WebServer:20 - Connection is established
2017-10-06 16:31:19 INFO  JDBCManager:24 - Connecting to database...
2017-10-06 16:37:38 INFO  HTTPHandle:42 - Connection closed!!!
2017-10-06 16:37:38 INFO  WebServer:20 - Connection is established
2017-10-06 16:37:38 INFO  JDBCManager:24 - Connecting to database...
2017-10-06 16:37:41 INFO  WebServerInitializer:11 - Web Server Initializing...
2017-10-06 16:37:41 INFO  WebServer:12 - In thread 
2017-10-06 16:37:41 INFO  WebServer:16 - server socket started at PORT 8065
2017-10-06 16:37:48 INFO  WebServer:22 - Connection is established
2017-10-06 16:37:48 INFO  HTTPHandle:42 - Connection closed!!!
2017-10-06 16:37:48 INFO  WebServer:22 - Connection is established
2017-10-06 16:37:48 INFO  HTTPHandle:42 - Connection closed!!!
2017-10-06 16:38:09 INFO  WebServerInitializer:11 - Web Server Initializing...
2017-10-06 16:38:09 INFO  WebServer:12 - In thread 
2017-10-06 16:38:09 INFO  WebServer:16 - server socket started at PORT 8065
2017-10-06 16:38:39 INFO  WebServer:22 - Connection is established
2017-10-06 16:38:39 INFO  HTTPHandle:42 - Connection closed!!!
2017-10-06 16:38:39 INFO  WebServer:22 - Connection is established
2017-10-06 16:38:39 INFO  HTTPHandle:42 - Connection closed!!!
2017-10-06 16:38:39 INFO  WebServer:22 - Connection is established
2017-10-06 16:38:43 INFO  HTTPHandle:42 - Connection closed!!!
2017-10-06 16:38:43 INFO  WebServer:22 - Connection is established
2017-10-06 16:38:43 INFO  HTTPHandle:42 - Connection closed!!!
2017-10-06 16:38:43 INFO  WebServer:22 - Connection is established
2017-10-06 16:38:43 INFO  HTTPHandle:42 - Connection closed!!!
2017-10-06 16:38:43 INFO  WebServer:22 - Connection is established
2017-10-06 16:38:43 INFO  HTTPHandle:42 - Connection closed!!!
2017-10-06 16:38:43 INFO  WebServer:22 - Connection is established
2017-10-06 16:38:43 INFO  HTTPHandle:42 - Connection closed!!!
2017-10-06 16:38:43 INFO  WebServer:22 - Connection is established
2017-10-06 16:38:43 INFO  HTTPHandle:42 - Connection closed!!!
2017-10-06 16:38:43 INFO  WebServer:22 - Connection is established
2017-10-06 16:38:43 INFO  HTTPHandle:42 - Connection closed!!!
2017-10-06 16:38:43 INFO  WebServer:22 - Connection is established
2017-10-06 16:38:43 INFO  HTTPHandle:42 - Connection closed!!!
2017-10-06 16:38:43 INFO  WebServer:22 - Connection is established
2017-10-06 16:38:43 INFO  HTTPHandle:42 - Connection closed!!!
2017-10-06 16:38:43 INFO  WebServer:22 - Connection is established
2017-10-06 16:38:43 INFO  HTTPHandle:42 - Connection closed!!!
2017-10-06 16:38:43 INFO  WebServer:22 - Connection is established
2017-10-06 16:38:43 INFO  HTTPHandle:42 - Connection closed!!!
2017-10-06 16:38:43 INFO  WebServer:22 - Connection is established
2017-10-06 16:38:43 INFO  HTTPHandle:42 - Connection closed!!!
2017-10-06 16:38:43 INFO  WebServer:22 - Connection is established
2017-10-06 16:38:44 INFO  HTTPHandle:42 - Connection closed!!!
2017-10-06 16:38:44 INFO  WebServer:22 - Connection is established
2017-10-06 16:38:44 INFO  HTTPHandle:42 - Connection closed!!!
2017-10-06 16:38:44 INFO  WebServer:22 - Connection is established
2017-10-06 16:38:44 INFO  HTTPHandle:42 - Connection closed!!!
2017-10-06 16:38:44 INFO  WebServer:22 - Connection is established
2017-10-06 16:38:44 INFO  HTTPHandle:42 - Connection closed!!!
2017-10-06 16:38:44 INFO  WebServer:22 - Connection is established
2017-10-06 16:38:44 INFO  HTTPHandle:42 - Connection closed!!!
2017-10-06 16:38:44 INFO  WebServer:22 - Connection is established
2017-10-06 16:38:44 INFO  HTTPHandle:42 - Connection closed!!!
2017-10-06 16:38:44 INFO  WebServer:22 - Connection is established
2017-10-06 16:38:44 INFO  HTTPHandle:42 - Connection closed!!!
2017-10-06 16:38:44 INFO  WebServer:22 - Connection is established
2017-10-06 16:38:44 INFO  HTTPHandle:42 - Connection closed!!!
2017-10-06 16:38:44 INFO  WebServer:22 - Connection is established
2017-10-06 16:38:44 INFO  HTTPHandle:42 - Connection closed!!!
2017-10-06 16:38:44 INFO  WebServer:22 - Connection is established
2017-10-06 16:38:44 INFO  HTTPHandle:42 - Connection closed!!!
2017-10-06 16:38:44 INFO  WebServer:22 - Connection is established
2017-10-06 16:43:13 INFO  WebServerInitializer:11 - Web Server Initializing...
2017-10-06 16:43:13 INFO  WebServer:12 - In thread 
2017-10-06 16:43:13 INFO  WebServer:16 - server socket started at PORT 8065
2017-10-06 16:43:23 INFO  WebServer:21 - Connection is established
2017-10-06 16:43:23 INFO  HTTPHandle:46 - Connection closed!!!
2017-10-06 16:43:23 INFO  WebServer:21 - Connection is established
2017-10-06 16:43:24 INFO  HTTPHandle:46 - Connection closed!!!
2017-10-06 16:43:24 INFO  WebServer:21 - Connection is established
2017-10-06 16:48:20 INFO  WebServerInitializer:11 - Web Server Initializing...
2017-10-06 16:48:20 INFO  WebServer:12 - In thread 
2017-10-06 16:48:20 INFO  WebServer:16 - server socket started at PORT 8065
2017-10-06 16:48:22 INFO  WebServer:21 - Connection is established
2017-10-06 16:48:22 INFO  JDBCManager:25 - Connecting to database...
2017-10-06 16:48:23 INFO  HTTPHandle:44 - Connection closed!!!
2017-10-06 16:48:23 INFO  WebServer:21 - Connection is established
2017-10-06 16:48:23 INFO  JDBCManager:25 - Connecting to database...
2017-10-06 16:48:23 INFO  HTTPHandle:44 - Connection closed!!!
2017-10-06 16:50:26 INFO  WebServerInitializer:11 - Web Server Initializing...
2017-10-06 16:50:26 INFO  WebServer:12 - In thread 
2017-10-06 16:50:26 INFO  WebServer:16 - server socket started at PORT 8065
2017-10-06 16:50:29 INFO  WebServer:21 - Connection is established
2017-10-06 16:50:29 INFO  JDBCManager:25 - Connecting to database...
2017-10-06 16:50:29 INFO  HTTPHandle:44 - Connection closed!!!
2017-10-06 16:50:29 INFO  WebServer:21 - Connection is established
2017-10-06 16:50:29 INFO  JDBCManager:25 - Connecting to database...
2017-10-06 16:50:29 INFO  HTTPHandle:44 - Connection closed!!!
2017-10-06 16:53:45 INFO  WebServerInitializer:11 - Web Server Initializing...
2017-10-06 16:53:45 INFO  WebServer:12 - In thread 
2017-10-06 16:53:45 INFO  WebServer:16 - server socket started at PORT 8065
2017-10-06 16:53:50 INFO  WebServer:21 - Connection is established
2017-10-06 16:53:50 INFO  JDBCManager:25 - Connecting to database...
2017-10-06 16:53:50 INFO  HTTPHandle:44 - Connection closed!!!
2017-10-06 16:53:50 INFO  WebServer:21 - Connection is established
2017-10-06 16:53:50 INFO  JDBCManager:25 - Connecting to database...
2017-10-06 16:54:07 INFO  WebServerInitializer:11 - Web Server Initializing...
2017-10-06 16:54:07 INFO  WebServer:12 - In thread 
2017-10-06 16:54:07 INFO  WebServer:16 - server socket started at PORT 8065
2017-10-06 16:54:12 INFO  WebServer:21 - Connection is established
2017-10-06 16:54:12 INFO  JDBCManager:25 - Connecting to database...
2017-10-06 16:54:12 INFO  HTTPHandle:44 - Connection closed!!!
2017-10-06 16:54:12 INFO  WebServer:21 - Connection is established
2017-10-06 16:54:12 INFO  JDBCManager:25 - Connecting to database...
2017-10-06 16:54:12 INFO  HTTPHandle:44 - Connection closed!!!
2017-10-06 16:56:16 INFO  WebServerInitializer:11 - Web Server Initializing...
2017-10-06 16:56:16 INFO  WebServer:12 - In thread 
2017-10-06 16:56:16 INFO  WebServer:16 - server socket started at PORT 8065
2017-10-06 16:56:18 INFO  WebServer:21 - Connection is established
2017-10-06 16:56:18 INFO  JDBCManager:25 - Connecting to database...
2017-10-06 16:56:19 INFO  HTTPHandle:44 - Connection closed!!!
2017-10-06 16:56:19 INFO  WebServer:21 - Connection is established
2017-10-06 16:56:19 INFO  JDBCManager:25 - Connecting to database...
2017-10-06 16:56:19 INFO  HTTPHandle:44 - Connection closed!!!
2017-10-06 16:56:33 INFO  WebServerInitializer:11 - Web Server Initializing...
2017-10-06 16:56:33 INFO  WebServer:12 - In thread 
2017-10-06 16:56:33 INFO  WebServer:16 - server socket started at PORT 8065
2017-10-06 16:56:36 INFO  WebServer:21 - Connection is established
2017-10-06 16:56:36 INFO  JDBCManager:25 - Connecting to database...
2017-10-06 16:56:36 INFO  HTTPHandle:44 - Connection closed!!!
2017-10-06 16:56:36 INFO  WebServer:21 - Connection is established
2017-10-06 16:56:36 INFO  JDBCManager:25 - Connecting to database...
2017-10-06 16:56:36 INFO  HTTPHandle:44 - Connection closed!!!
2017-10-06 16:57:27 INFO  WebServerInitializer:11 - Web Server Initializing...
2017-10-06 16:57:27 INFO  WebServer:12 - In thread 
2017-10-06 16:57:27 INFO  WebServer:16 - server socket started at PORT 8065
2017-10-06 16:57:31 INFO  WebServer:21 - Connection is established
2017-10-06 16:57:31 INFO  JDBCManager:25 - Connecting to database...
2017-10-06 16:57:31 INFO  HTTPHandle:44 - Connection closed!!!
2017-10-06 16:57:31 INFO  WebServer:21 - Connection is established
2017-10-06 16:57:31 INFO  JDBCManager:25 - Connecting to database...
2017-10-06 16:57:31 INFO  HTTPHandle:44 - Connection closed!!!
2017-10-06 17:00:51 INFO  WebServerInitializer:11 - Web Server Initializing...
2017-10-06 17:00:51 INFO  WebServer:12 - In thread 
2017-10-06 17:00:51 INFO  WebServer:16 - server socket started at PORT 8065
2017-10-06 17:00:55 INFO  WebServer:21 - Connection is established
2017-10-06 17:00:55 INFO  JDBCManager:25 - Connecting to database...
2017-10-06 17:00:55 INFO  HTTPHandle:44 - Connection closed!!!
2017-10-06 17:00:55 INFO  WebServer:21 - Connection is established
2017-10-06 17:00:55 INFO  JDBCManager:25 - Connecting to database...
2017-10-06 17:00:56 INFO  HTTPHandle:44 - Connection closed!!!
2017-10-06 17:06:42 INFO  WebServerInitializer:11 - Web Server Initializing...
2017-10-06 17:06:42 INFO  WebServer:12 - In thread 
2017-10-06 17:06:42 INFO  WebServer:16 - server socket started at PORT 8065
2017-10-06 17:06:46 INFO  WebServer:21 - Connection is established
2017-10-06 17:06:46 INFO  JDBCManager:25 - Connecting to database...
2017-10-06 17:06:46 INFO  HTTPHandle:45 - Connection closed!!!
2017-10-06 17:06:46 INFO  WebServer:21 - Connection is established
2017-10-06 17:06:47 INFO  JDBCManager:25 - Connecting to database...
2017-10-06 17:06:47 INFO  HTTPHandle:45 - Connection closed!!!
2017-10-06 17:10:06 INFO  WebServerInitializer:11 - Web Server Initializing...
2017-10-06 17:10:06 INFO  WebServer:12 - In thread 
2017-10-06 17:10:06 INFO  WebServer:16 - server socket started at PORT 8065
2017-10-06 17:10:15 INFO  WebServer:21 - Connection is established
2017-10-06 17:10:15 INFO  JDBCManager:25 - Connecting to database...
2017-10-06 17:10:15 INFO  HTTPHandle:44 - Connection closed!!!
2017-10-06 17:10:15 INFO  WebServer:21 - Connection is established
2017-10-06 17:10:15 INFO  JDBCManager:25 - Connecting to database...
2017-10-06 17:10:16 INFO  HTTPHandle:44 - Connection closed!!!
2017-10-06 17:10:50 INFO  WebServerInitializer:11 - Web Server Initializing...
2017-10-06 17:10:50 INFO  WebServer:12 - In thread 
2017-10-06 17:10:50 INFO  WebServer:16 - server socket started at PORT 8065
2017-10-06 17:10:53 INFO  WebServer:21 - Connection is established
2017-10-06 17:10:53 INFO  JDBCManager:25 - Connecting to database...
2017-10-06 17:10:53 INFO  HTTPHandle:44 - Connection closed!!!
2017-10-06 17:10:53 INFO  WebServer:21 - Connection is established
2017-10-06 17:10:53 INFO  JDBCManager:25 - Connecting to database...
2017-10-06 17:10:54 INFO  HTTPHandle:44 - Connection closed!!!
2017-10-06 17:12:05 INFO  WebServer:21 - Connection is established
2017-10-06 17:12:05 INFO  JDBCManager:25 - Connecting to database...
2017-10-06 17:12:05 INFO  HTTPHandle:44 - Connection closed!!!
2017-10-06 17:12:05 INFO  WebServer:21 - Connection is established
2017-10-06 17:12:05 INFO  JDBCManager:25 - Connecting to database...
2017-10-06 17:12:05 INFO  HTTPHandle:44 - Connection closed!!!
2017-10-06 17:12:05 INFO  WebServer:21 - Connection is established
2017-10-06 17:12:05 INFO  JDBCManager:25 - Connecting to database...
2017-10-06 17:12:05 INFO  HTTPHandle:44 - Connection closed!!!
2017-10-06 17:14:11 INFO  WebServerInitializer:11 - Web Server Initializing...
2017-10-06 17:14:11 INFO  WebServer:12 - In thread 
2017-10-06 17:14:11 INFO  WebServer:16 - server socket started at PORT 8065
2017-10-06 17:14:14 INFO  WebServer:21 - Connection is established
2017-10-06 17:14:14 INFO  JDBCManager:25 - Connecting to database...
2017-10-06 17:14:15 INFO  JDBCManager:28 - Creating statement...
2017-10-06 17:14:15 INFO  JDBCManager:31 - Query : INSERT INTO clientinfo VALUES('/0:0:0:0:0:0:0:1','57117')
2017-10-06 17:14:15 INFO  HTTPHandle:44 - Connection closed!!!
2017-10-06 17:14:15 INFO  WebServer:21 - Connection is established
2017-10-06 17:14:15 INFO  JDBCManager:25 - Connecting to database...
2017-10-06 17:14:15 INFO  JDBCManager:28 - Creating statement...
2017-10-06 17:14:15 INFO  JDBCManager:31 - Query : INSERT INTO clientinfo VALUES('/0:0:0:0:0:0:0:1','57118')
2017-10-06 17:14:15 INFO  HTTPHandle:44 - Connection closed!!!


2017-10-06 18:01:15 INFO  WebServerInitializer:24 - Web Server Initializing...
2017-10-06 18:01:15 INFO  WebServer:18 - In thread 
2017-10-06 18:01:15 INFO  WebServer:23 - server socket started at PORT 1111
2017-10-06 18:01:41 INFO  WebServer:28 - Connection is established
2017-10-06 18:01:41 INFO  JDBCManager:22 - Connecting to database...
2017-10-06 18:01:41 INFO  JDBCManager:25 - Creating statement...
2017-10-06 18:01:41 INFO  JDBCManager:28 - Query : INSERT INTO clientinfo VALUES('/0:0:0:0:0:0:0:1','57567')
2017-10-06 18:01:41 INFO  HTTPHandle:44 - Connection closed!!!
2017-10-06 18:01:41 INFO  WebServer:28 - Connection is established
2017-10-06 18:01:41 INFO  JDBCManager:22 - Connecting to database...
2017-10-06 18:01:42 INFO  JDBCManager:25 - Creating statement...
2017-10-06 18:01:42 INFO  JDBCManager:28 - Query : INSERT INTO clientinfo VALUES('/0:0:0:0:0:0:0:1','57568')
2017-10-06 18:01:42 INFO  HTTPHandle:44 - Connection closed!!!
2017-10-10 11:23:51 INFO  WebServerInitializer:23 - Web Server Initializing...
2017-10-10 11:23:51 INFO  WebServer:24 - In thread 
2017-10-10 11:23:51 INFO  WebServer:28 - server socket started at PORT 1111 and waiting for client request
2017-10-10 11:24:08 INFO  WebServer:33 - Connection is established
2017-10-10 11:24:09 INFO  JDBCManager:22 - Connecting to database...
2017-10-10 11:24:10 INFO  JDBCManager:25 - Creating statement...
2017-10-10 11:24:10 INFO  JDBCManager:28 - Query : INSERT INTO clientinfo VALUES('/0:0:0:0:0:0:0:1','58637')
2017-10-10 11:24:11 INFO  HTTPHandle:42 - Connection closed!!!
2017-10-10 11:24:11 INFO  WebServer:33 - Connection is established
2017-10-10 11:24:11 INFO  JDBCManager:22 - Connecting to database...
2017-10-10 11:24:11 INFO  JDBCManager:25 - Creating statement...
2017-10-10 11:24:11 INFO  JDBCManager:28 - Query : INSERT INTO clientinfo VALUES('/0:0:0:0:0:0:0:1','58638')
2017-10-10 11:24:11 INFO  HTTPHandle:42 - Connection closed!!!
2017-10-10 11:24:11 INFO  WebServer:33 - Connection is established
2017-10-10 11:24:11 INFO  JDBCManager:22 - Connecting to database...
2017-10-10 11:24:11 INFO  JDBCManager:25 - Creating statement...
2017-10-10 11:24:11 INFO  JDBCManager:28 - Query : INSERT INTO clientinfo VALUES('/0:0:0:0:0:0:0:1','58639')
2017-10-10 11:24:27 INFO  WebServerInitializer:23 - Web Server Initializing...
2017-10-10 11:24:27 INFO  WebServer:24 - In thread 
2017-10-10 11:24:27 INFO  WebServer:28 - server socket started at PORT 1111 and waiting for client request
2017-10-10 11:24:32 INFO  WebServer:33 - Connection is established
2017-10-10 11:24:32 INFO  JDBCManager:22 - Connecting to database...
2017-10-10 11:24:32 INFO  JDBCManager:25 - Creating statement...
2017-10-10 11:24:32 INFO  JDBCManager:28 - Query : INSERT INTO clientinfo VALUES('/0:0:0:0:0:0:0:1','58650')
2017-10-10 11:24:32 INFO  HTTPHandle:42 - Connection closed!!!
2017-10-10 11:24:32 INFO  WebServer:33 - Connection is established
2017-10-10 11:24:32 INFO  JDBCManager:22 - Connecting to database...
2017-10-10 11:24:32 INFO  JDBCManager:25 - Creating statement...
2017-10-10 11:24:32 INFO  JDBCManager:28 - Query : INSERT INTO clientinfo VALUES('/0:0:0:0:0:0:0:1','58651')
2017-10-10 11:24:32 INFO  HTTPHandle:42 - Connection closed!!!
2017-10-10 11:24:32 INFO  WebServer:33 - Connection is established
2017-10-10 11:24:32 INFO  JDBCManager:22 - Connecting to database...
2017-10-10 11:24:32 INFO  JDBCManager:25 - Creating statement...
2017-10-10 11:24:32 INFO  JDBCManager:28 - Query : INSERT INTO clientinfo VALUES('/0:0:0:0:0:0:0:1','58652')
2017-10-10 11:24:41 INFO  WebServerInitializer:23 - Web Server Initializing...
2017-10-10 11:24:41 INFO  WebServer:24 - In thread 
2017-10-10 11:24:41 INFO  WebServer:28 - server socket started at PORT 1111 and waiting for client request
2017-10-10 11:25:11 INFO  WebServer:33 - Connection is established
2017-10-10 11:25:11 INFO  JDBCManager:22 - Connecting to database...
2017-10-10 11:25:12 INFO  JDBCManager:25 - Creating statement...
2017-10-10 11:25:12 INFO  JDBCManager:28 - Query : INSERT INTO clientinfo VALUES('/0:0:0:0:0:0:0:1','58687')
2017-10-10 11:25:12 INFO  HTTPHandle:42 - Connection closed!!!
2017-10-10 11:25:12 INFO  WebServer:33 - Connection is established
2017-10-10 11:25:12 INFO  JDBCManager:22 - Connecting to database...
2017-10-10 11:25:12 INFO  JDBCManager:25 - Creating statement...
2017-10-10 11:25:12 INFO  JDBCManager:28 - Query : INSERT INTO clientinfo VALUES('/0:0:0:0:0:0:0:1','58689')
2017-10-10 11:25:12 INFO  HTTPHandle:42 - Connection closed!!!
2017-10-10 11:25:12 INFO  WebServer:33 - Connection is established
2017-10-10 11:25:12 INFO  JDBCManager:22 - Connecting to database...
2017-10-10 11:25:12 INFO  JDBCManager:25 - Creating statement...
2017-10-10 11:25:12 INFO  JDBCManager:28 - Query : INSERT INTO clientinfo VALUES('/0:0:0:0:0:0:0:1','58691')
2017-10-10 11:25:13 INFO  HTTPHandle:42 - Connection closed!!!
2017-10-10 11:26:30 INFO  WebServerInitializer:23 - Web Server Initializing...
2017-10-10 11:26:30 INFO  WebServer:24 - In thread 
2017-10-10 11:26:30 INFO  WebServer:28 - server socket started at PORT 1111 and waiting for client request
2017-10-10 11:26:34 INFO  WebServer:33 - Connection is established
2017-10-10 11:26:34 INFO  JDBCManager:22 - Connecting to database...
2017-10-10 11:26:34 INFO  JDBCManager:25 - Creating statement...
2017-10-10 11:26:34 INFO  JDBCManager:28 - Query : INSERT INTO clientinfo VALUES('/0:0:0:0:0:0:0:1','58706')
2017-10-10 11:26:35 INFO  HTTPHandle:42 - Connection closed!!!
2017-10-10 11:43:42 INFO  WebServer:33 - Connection is established
2017-10-10 11:43:42 INFO  JDBCManager:22 - Connecting to database...
2017-10-10 11:43:42 INFO  JDBCManager:25 - Creating statement...
2017-10-10 11:43:42 INFO  JDBCManager:28 - Query : INSERT INTO clientinfo VALUES('/0:0:0:0:0:0:0:1','58887')
2017-10-10 11:43:42 INFO  HTTPHandle:42 - Connection closed!!!
2017-10-10 11:43:42 INFO  WebServer:33 - Connection is established
2017-10-10 11:43:42 INFO  JDBCManager:22 - Connecting to database...
2017-10-10 11:43:42 INFO  JDBCManager:25 - Creating statement...
2017-10-10 11:43:42 INFO  JDBCManager:28 - Query : INSERT INTO clientinfo VALUES('/0:0:0:0:0:0:0:1','58888')
2017-10-10 11:43:42 INFO  HTTPHandle:42 - Connection closed!!!
2017-10-10 11:43:42 INFO  WebServer:33 - Connection is established
2017-10-10 11:43:42 INFO  JDBCManager:22 - Connecting to database...
2017-10-10 11:43:42 INFO  JDBCManager:25 - Creating statement...
2017-10-10 11:43:42 INFO  JDBCManager:28 - Query : INSERT INTO clientinfo VALUES('/0:0:0:0:0:0:0:1','58889')
2017-10-10 11:44:15 INFO  WebServerInitializer:23 - Web Server Initializing...
2017-10-10 11:44:15 INFO  WebServer:24 - In thread 
2017-10-10 11:44:15 INFO  WebServer:28 - server socket started at PORT 1111 and waiting for client request
2017-10-10 11:44:16 INFO  WebServer:33 - Connection is established
2017-10-10 11:44:16 INFO  JDBCManager:22 - Connecting to database...
2017-10-10 11:44:16 INFO  JDBCManager:25 - Creating statement...
2017-10-10 11:44:16 INFO  JDBCManager:28 - Query : INSERT INTO clientinfo VALUES('/127.0.0.1','58931')
2017-10-10 11:44:18 INFO  WebServerInitializer:23 - Web Server Initializing...
2017-10-10 11:44:18 INFO  WebServer:24 - In thread 
2017-10-10 11:44:22 INFO  WebServerInitializer:23 - Web Server Initializing...
2017-10-10 11:44:22 INFO  WebServer:24 - In thread 
2017-10-10 11:44:22 INFO  WebServer:28 - server socket started at PORT 1111 and waiting for client request
2017-10-10 11:44:26 INFO  WebServer:33 - Connection is established
2017-10-10 11:44:26 INFO  JDBCManager:22 - Connecting to database...
2017-10-10 11:44:26 INFO  JDBCManager:25 - Creating statement...
2017-10-10 11:44:26 INFO  JDBCManager:28 - Query : INSERT INTO clientinfo VALUES('/0:0:0:0:0:0:0:1','58947')
2017-10-10 11:44:27 INFO  HTTPHandle:42 - Connection closed!!!
2017-10-10 13:15:10 INFO  WebServerInitializer:24 - Web Server Initializing...
2017-10-10 13:15:10 INFO  WebServer:24 - In thread 
2017-10-10 13:15:10 INFO  WebServer:29 - server socket started at PORT 1111 and waiting for client request
2017-10-10 13:15:13 INFO  WebServer:35 - Connection is established
2017-10-10 13:15:13 INFO  JDBCManager:22 - Connecting to database...
2017-10-10 13:15:14 INFO  JDBCManager:25 - Creating statement...
2017-10-10 13:15:14 INFO  JDBCManager:28 - Query : INSERT INTO clientinfo VALUES('/0:0:0:0:0:0:0:1','59647')
2017-10-10 15:15:56 INFO  WebServerInitializer:24 - Web Server Initializing...
2017-10-10 15:15:56 INFO  WebServer:24 - In thread 
2017-10-10 15:15:56 INFO  WebServer:29 - server socket started at PORT 1111 and waiting for client request
2017-10-10 15:16:49 INFO  WebServer:34 - Connection is established
2017-10-10 15:16:49 INFO  JDBCManager:22 - Connecting to database...
2017-10-10 15:16:51 INFO  JDBCManager:25 - Creating statement...
2017-10-10 15:16:51 INFO  JDBCManager:28 - Query : INSERT INTO clientinfo VALUES('/0:0:0:0:0:0:0:1','60591')
2017-10-10 15:16:51 INFO  HTTPHandle:44 - Connection closed!!!
2017-10-10 15:47:32 INFO  WebServerInitializer:28 - Web Server Initializing...
2017-10-10 15:47:32 INFO  WebServer:26 - In thread 
2017-10-10 15:47:32 INFO  WebServer:31 - server socket started at PORT 1111 and waiting for client request
2017-10-10 15:47:37 INFO  WebServer:36 - Connection is established
2017-10-10 15:47:37 INFO  JDBCManager:21 - Connecting to database...
2017-10-10 15:47:37 INFO  JDBCManager:24 - Creating statement...
2017-10-10 15:47:37 INFO  JDBCManager:27 - Query : INSERT INTO clientinfo VALUES('/0:0:0:0:0:0:0:1','60769')
2017-10-10 15:47:37 INFO  HTTPHandle:43 - Connection closed!!!
2017-10-10 17:18:36 INFO  WebServerInitializer:21 - Web Server Initializing...
2017-10-10 17:18:36 INFO  WebServer:26 - In thread 
2017-10-10 17:18:36 INFO  WebServer:31 - server socket started at PORT 1111 and waiting for client request
2017-10-10 17:18:41 INFO  WebServer:36 - Connection is established
2017-10-10 17:18:41 INFO  JDBCManager:20 - Connecting to database...
2017-10-10 17:18:43 INFO  JDBCManager:23 - Creating statement...
2017-10-10 17:18:43 INFO  JDBCManager:29 - Query : INSERT INTO clientinfo VALUES(?,?)
2017-10-10 17:18:43 INFO  HTTPHandle:43 - Connection closed!!!
2017-10-10 17:25:48 INFO  WebServerInitializer:21 - Web Server Initializing...
2017-10-10 17:25:48 INFO  WebServer:26 - In thread 
2017-10-10 17:25:48 INFO  WebServer:31 - server socket started at PORT 1111 and waiting for client request
2017-10-10 17:25:53 INFO  WebServerInitializer:21 - Web Server Initializing...
2017-10-10 17:25:53 INFO  WebServer:26 - In thread 
2017-10-10 17:25:53 INFO  WebServer:31 - server socket started at PORT 1111 and waiting for client request
2017-10-10 17:26:06 INFO  WebServer:36 - Connection is established
2017-10-10 17:26:06 INFO  JDBCManager:20 - Connecting to database...
2017-10-10 17:26:07 INFO  JDBCManager:23 - Creating statement...
2017-10-10 17:26:07 INFO  JDBCManager:29 - Query : INSERT INTO clientinfo ('ip','port') VALUES(?,?)
2017-10-10 17:26:07 INFO  HTTPHandle:43 - Connection closed!!!
2017-10-10 17:26:56 INFO  WebServerInitializer:21 - Web Server Initializing...
2017-10-10 17:26:56 INFO  WebServer:26 - In thread 
2017-10-10 17:26:56 INFO  WebServer:31 - server socket started at PORT 1111 and waiting for client request
2017-10-10 17:26:59 INFO  WebServer:36 - Connection is established
2017-10-10 17:26:59 INFO  JDBCManager:20 - Connecting to database...
2017-10-10 17:26:59 INFO  JDBCManager:23 - Creating statement...
2017-10-10 17:26:59 INFO  JDBCManager:29 - Query : INSERT INTO clientinfo VALUES(?,?)
2017-10-10 17:26:59 INFO  HTTPHandle:43 - Connection closed!!!
2017-10-10 17:27:36 INFO  WebServerInitializer:21 - Web Server Initializing...
2017-10-10 17:27:36 INFO  WebServer:26 - In thread 
2017-10-10 17:27:36 INFO  WebServer:31 - server socket started at PORT 1111 and waiting for client request
2017-10-10 17:28:42 INFO  WebServer:36 - Connection is established
2017-10-10 17:28:43 INFO  JDBCManager:20 - Connecting to database...
2017-10-10 17:29:23 INFO  JDBCManager:23 - Creating statement...
2017-10-10 17:31:53 INFO  JDBCManager:29 - Query : INSERT INTO clientinfo VALUES(?,?)
2017-10-10 17:36:24 INFO  HTTPHandle:43 - Connection closed!!!
2017-10-10 17:36:30 INFO  WebServerInitializer:21 - Web Server Initializing...
2017-10-10 17:36:30 INFO  WebServer:26 - In thread 
2017-10-10 17:36:30 INFO  WebServer:31 - server socket started at PORT 1111 and waiting for client request
2017-10-10 17:40:36 INFO  WebServer:36 - Connection is established
2017-10-10 17:40:36 INFO  JDBCManager:20 - Connecting to database...
2017-10-10 17:40:57 INFO  JDBCManager:23 - Creating statement...
2017-10-10 17:41:01 INFO  JDBCManager:29 - Query : INSERT INTO clientinfo VALUES(?,?)
2017-10-10 17:41:25 INFO  HTTPHandle:43 - Connection closed!!!
2017-10-10 17:45:40 INFO  WebServerInitializer:21 - Web Server Initializing...
2017-10-10 17:45:40 INFO  WebServer:26 - In thread 
2017-10-10 17:45:40 INFO  WebServer:31 - server socket started at PORT 1111 and waiting for client request
2017-10-10 17:45:49 INFO  WebServer:36 - Connection is established
2017-10-10 17:45:49 INFO  DBManager:20 - Connecting to database...
2017-10-10 17:45:49 INFO  DBManager:23 - Creating statement...
2017-10-10 17:45:49 INFO  DBManager:29 - Query : INSERT INTO clientinfo VALUES(?,?)
2017-10-10 17:45:49 INFO  HTTPHandle:43 - Connection closed!!!
2017-10-10 17:46:58 INFO  WebServerInitializer:21 - Web Server Initializing...
2017-10-10 17:46:58 INFO  WebServer:26 - In thread 
2017-10-10 17:46:58 INFO  WebServer:31 - server socket started at PORT 1111 and waiting for client request
2017-10-10 17:47:04 INFO  WebServer:36 - Connection is established
2017-10-10 17:47:04 INFO  DBManager:20 - Connecting to database...
2017-10-10 17:47:04 INFO  DBManager:23 - Creating statement...
2017-10-10 17:47:04 INFO  DBManager:29 - Query : INSERT INTO clientinfo VALUES(?,?)
2017-10-10 17:47:04 INFO  DBManager:32 - records inserted false
2017-10-10 17:47:04 INFO  HTTPHandle:43 - Connection closed!!!
2017-10-10 17:49:39 INFO  WebServerInitializer:21 - Web Server Initializing...
2017-10-10 17:49:39 INFO  WebServer:26 - In thread 
2017-10-10 17:49:39 INFO  WebServer:31 - server socket started at PORT 1111 and waiting for client request
2017-10-10 17:49:46 INFO  WebServer:36 - Connection is established
2017-10-10 17:49:46 INFO  DBManager:20 - Connecting to database...
2017-10-10 17:49:47 INFO  DBManager:23 - Creating statement...
2017-10-10 17:49:47 INFO  DBManager:29 - Query : INSERT INTO clientinfo VALUES(?,?)
2017-10-10 17:49:47 INFO  DBManager:32 - records inserted false
2017-10-10 17:49:47 INFO  HTTPHandle:43 - Connection closed!!!
2017-10-10 17:51:35 INFO  WebServerInitializer:21 - Web Server Initializing...
2017-10-10 17:51:35 INFO  WebServer:26 - In thread 
2017-10-10 17:51:35 INFO  WebServer:31 - server socket started at PORT 1111 and waiting for client request
2017-10-10 17:51:38 INFO  WebServer:36 - Connection is established
2017-10-10 17:51:38 INFO  DBManager:20 - Connecting to database...
2017-10-10 17:51:39 INFO  DBManager:23 - Creating statement...
2017-10-10 17:51:39 INFO  DBManager:29 - Query : INSERT INTO clientinfo VALUES(?,?)
2017-10-10 17:51:39 INFO  DBManager:32 - 1 record inserted 
2017-10-10 17:51:39 INFO  HTTPHandle:43 - Connection closed!!!
2017-10-10 17:52:38 INFO  WebServerInitializer:21 - Web Server Initializing...
2017-10-10 17:52:38 INFO  WebServer:26 - In thread 
2017-10-10 17:52:38 INFO  WebServer:31 - server socket started at PORT 1111 and waiting for client request
2017-10-10 17:52:41 INFO  WebServer:36 - Connection is established
2017-10-10 17:52:41 INFO  DBManager:20 - Connecting to database...
2017-10-10 17:52:41 INFO  DBManager:23 - Creating statement...
2017-10-10 17:52:41 INFO  DBManager:29 - Query : INSERT INTO clientinfo VALUES(?,?)
2017-10-10 17:52:41 INFO  DBManager:32 - 1 record inserted 
2017-10-10 17:52:41 INFO  HTTPHandle:43 - Connection closed!!!
2017-10-10 17:54:18 INFO  WebServerInitializer:21 - Web Server Initializing...
2017-10-10 17:54:18 INFO  WebServer:26 - In thread 
2017-10-10 17:54:18 INFO  WebServer:31 - server socket started at PORT 1111 and waiting for client request
2017-10-10 17:54:19 INFO  WebServer:36 - Connection is established
2017-10-10 17:54:19 INFO  DBManager:20 - Connecting to database...
2017-10-10 17:54:20 INFO  DBManager:23 - Creating statement...
2017-10-10 17:54:20 INFO  DBManager:29 - Query : INSERT INTO clientinfo VALUES(?,?)
2017-10-10 17:54:20 INFO  DBManager:32 - 1 record inserted 
2017-10-10 17:54:20 INFO  HTTPHandle:43 - Connection closed!!!
2017-10-10 17:55:11 INFO  WebServerInitializer:21 - Web Server Initializing...
2017-10-10 17:55:11 INFO  WebServer:26 - In thread 
2017-10-10 17:55:11 INFO  WebServer:31 - server socket started at PORT 1111 and waiting for client request
2017-10-10 17:55:17 INFO  WebServer:36 - Connection is established
2017-10-10 17:55:17 INFO  DBManager:20 - Connecting to database...
2017-10-10 17:55:17 INFO  DBManager:23 - Creating statement...
2017-10-10 17:55:17 INFO  DBManager:29 - Query : INSERT INTO clientinfo VALUES(?,?)
2017-10-10 17:55:17 INFO  DBManager:32 - 1 record inserted 
2017-10-10 17:55:17 INFO  HTTPHandle:43 - Connection closed!!!
2017-10-10 17:56:02 INFO  WebServerInitializer:21 - Web Server Initializing...
2017-10-10 17:56:02 INFO  WebServer:26 - In thread 
2017-10-10 17:56:02 INFO  WebServer:31 - server socket started at PORT 1111 and waiting for client request
2017-10-10 17:56:06 INFO  WebServer:36 - Connection is established
2017-10-10 17:56:06 INFO  DBManager:20 - Connecting to database...
2017-10-10 17:56:06 INFO  DBManager:23 - Creating statement...
2017-10-10 17:56:06 INFO  DBManager:29 - Query : INSERT INTO clientinfo VALUES(?,?)
2017-10-10 17:56:06 INFO  DBManager:32 - 1 record inserted 
2017-10-10 17:56:06 INFO  HTTPHandle:43 - Connection closed!!!
2017-10-10 17:58:07 INFO  WebServer:36 - Connection is established
2017-10-10 17:58:07 INFO  DBManager:20 - Connecting to database...
2017-10-10 17:58:07 INFO  DBManager:23 - Creating statement...
2017-10-10 17:58:07 INFO  DBManager:29 - Query : INSERT INTO clientinfo VALUES(?,?)
2017-10-10 17:58:07 INFO  DBManager:32 - 1 record inserted 
2017-10-10 17:58:07 INFO  HTTPHandle:43 - Connection closed!!!
2017-10-10 17:58:07 INFO  WebServer:36 - Connection is established
2017-10-10 17:58:07 INFO  DBManager:20 - Connecting to database...
2017-10-10 17:58:07 INFO  DBManager:23 - Creating statement...
2017-10-10 17:58:07 INFO  DBManager:29 - Query : INSERT INTO clientinfo VALUES(?,?)
2017-10-10 17:58:07 INFO  DBManager:32 - 1 record inserted 
2017-10-10 17:58:07 INFO  HTTPHandle:43 - Connection closed!!!
2017-10-10 17:58:07 INFO  WebServer:36 - Connection is established
2017-10-10 17:58:07 INFO  DBManager:20 - Connecting to database...
2017-10-10 17:58:07 INFO  DBManager:23 - Creating statement...
2017-10-10 17:58:07 INFO  DBManager:29 - Query : INSERT INTO clientinfo VALUES(?,?)
2017-10-10 17:58:07 INFO  DBManager:32 - 1 record inserted 
2017-10-10 17:58:07 INFO  HTTPHandle:43 - Connection closed!!!
2017-10-10 17:58:13 INFO  WebServer:36 - Connection is established
2017-10-10 17:58:13 INFO  DBManager:20 - Connecting to database...
2017-10-10 17:58:13 INFO  DBManager:23 - Creating statement...
2017-10-10 17:58:13 INFO  DBManager:29 - Query : INSERT INTO clientinfo VALUES(?,?)
2017-10-10 17:58:13 INFO  DBManager:32 - 1 record inserted 
2017-10-10 17:58:13 INFO  HTTPHandle:43 - Connection closed!!!
2017-10-10 17:58:13 INFO  WebServer:36 - Connection is established
2017-10-10 17:58:13 INFO  DBManager:20 - Connecting to database...
2017-10-10 17:58:13 INFO  DBManager:23 - Creating statement...
2017-10-10 17:58:13 INFO  DBManager:29 - Query : INSERT INTO clientinfo VALUES(?,?)
2017-10-10 17:58:13 INFO  DBManager:32 - 1 record inserted 
2017-10-10 17:58:13 INFO  HTTPHandle:43 - Connection closed!!!
2017-10-10 17:58:13 INFO  WebServer:36 - Connection is established
2017-10-10 17:58:13 INFO  DBManager:20 - Connecting to database...
2017-10-10 17:58:13 INFO  DBManager:23 - Creating statement...
2017-10-10 17:58:13 INFO  DBManager:29 - Query : INSERT INTO clientinfo VALUES(?,?)
2017-10-10 17:58:13 INFO  DBManager:32 - 1 record inserted 
2017-10-10 17:58:13 INFO  HTTPHandle:43 - Connection closed!!!
2017-10-10 17:58:14 INFO  WebServer:36 - Connection is established
2017-10-10 17:58:14 INFO  DBManager:20 - Connecting to database...
2017-10-10 17:58:14 INFO  DBManager:23 - Creating statement...
2017-10-10 17:58:14 INFO  DBManager:29 - Query : INSERT INTO clientinfo VALUES(?,?)
2017-10-10 17:58:14 INFO  DBManager:32 - 1 record inserted 
2017-10-10 17:58:14 INFO  HTTPHandle:43 - Connection closed!!!
2017-10-10 17:58:14 INFO  WebServer:36 - Connection is established
2017-10-10 17:58:14 INFO  DBManager:20 - Connecting to database...
2017-10-10 17:58:14 INFO  DBManager:23 - Creating statement...
2017-10-10 17:58:14 INFO  DBManager:29 - Query : INSERT INTO clientinfo VALUES(?,?)
2017-10-10 17:58:14 INFO  DBManager:32 - 1 record inserted 
2017-10-10 17:58:14 INFO  HTTPHandle:43 - Connection closed!!!
2017-10-10 17:58:14 INFO  WebServer:36 - Connection is established
2017-10-10 17:58:14 INFO  DBManager:20 - Connecting to database...
2017-10-10 17:58:14 INFO  DBManager:23 - Creating statement...
2017-10-10 17:58:14 INFO  DBManager:29 - Query : INSERT INTO clientinfo VALUES(?,?)
2017-10-10 17:58:14 INFO  DBManager:32 - 1 record inserted 
2017-10-10 17:58:14 INFO  HTTPHandle:43 - Connection closed!!!
2017-10-10 17:58:14 INFO  WebServer:36 - Connection is established
2017-10-10 17:58:14 INFO  DBManager:20 - Connecting to database...
2017-10-10 17:58:14 INFO  DBManager:23 - Creating statement...
2017-10-10 17:58:14 INFO  DBManager:29 - Query : INSERT INTO clientinfo VALUES(?,?)
2017-10-10 17:58:14 INFO  DBManager:32 - 1 record inserted 
2017-10-10 17:58:14 INFO  HTTPHandle:43 - Connection closed!!!
2017-10-10 17:58:53 INFO  WebServer:36 - Connection is established
2017-10-10 17:58:53 INFO  WebServer:36 - Connection is established
2017-10-10 17:58:53 INFO  DBManager:20 - Connecting to database...
2017-10-10 17:58:53 INFO  DBManager:20 - Connecting to database...
2017-10-10 17:58:53 INFO  DBManager:23 - Creating statement...
2017-10-10 17:58:53 INFO  DBManager:29 - Query : INSERT INTO clientinfo VALUES(?,?)
2017-10-10 17:58:53 INFO  DBManager:23 - Creating statement...
2017-10-10 17:58:53 INFO  DBManager:29 - Query : INSERT INTO clientinfo VALUES(?,?)
2017-10-10 17:58:53 INFO  DBManager:32 - 1 record inserted 
2017-10-10 17:58:53 INFO  DBManager:32 - 1 record inserted 
2017-10-10 17:58:53 INFO  HTTPHandle:43 - Connection closed!!!
2017-10-10 17:58:53 INFO  HTTPHandle:43 - Connection closed!!!
2017-10-11 11:19:25 INFO  WebServerInitializer:22 - Web Server Initializing...
2017-10-11 11:19:26 INFO  WebServer:26 - In thread 
2017-10-11 11:19:26 INFO  WebServer:31 - server socket started at PORT 1111 and waiting for client request
2017-10-11 11:19:42 INFO  WebServer:36 - Connection is established
2017-10-11 11:19:42 INFO  DBManager:20 - Connecting to database...
2017-10-11 11:19:44 INFO  DBManager:23 - Creating statement...
2017-10-11 11:19:44 INFO  DBManager:29 - Query : INSERT INTO clientinfo VALUES(?,?)
2017-10-11 11:19:44 INFO  DBManager:32 - 1 record inserted 
2017-10-11 11:19:44 INFO  HTTPHandle:43 - Connection closed!!!
2017-10-11 11:19:45 INFO  WebServer:36 - Connection is established
2017-10-11 11:19:45 INFO  DBManager:20 - Connecting to database...
2017-10-11 11:19:45 INFO  DBManager:23 - Creating statement...
2017-10-11 11:19:45 INFO  DBManager:29 - Query : INSERT INTO clientinfo VALUES(?,?)
2017-10-11 11:19:45 INFO  DBManager:32 - 1 record inserted 
2017-10-11 11:19:45 INFO  HTTPHandle:43 - Connection closed!!!
2017-10-11 11:38:58 INFO  WebServer:36 - Connection is established
2017-10-11 11:38:59 INFO  DBManager:20 - Connecting to database...
2017-10-11 11:39:00 INFO  DBManager:23 - Creating statement...
2017-10-11 11:39:00 INFO  DBManager:29 - Query : INSERT INTO clientinfo VALUES(?,?)
2017-10-11 11:39:00 INFO  DBManager:32 - 1 record inserted 
2017-10-11 11:39:00 INFO  HTTPHandle:43 - Connection closed!!!
2017-10-11 11:42:17 INFO  WebServer:36 - Connection is established
2017-10-11 11:42:17 INFO  DBManager:20 - Connecting to database...
2017-10-11 11:42:17 INFO  DBManager:23 - Creating statement...
2017-10-11 11:42:17 INFO  DBManager:29 - Query : INSERT INTO clientinfo VALUES(?,?)
2017-10-11 11:42:17 INFO  DBManager:32 - 1 record inserted 
2017-10-11 11:42:17 INFO  HTTPHandle:43 - Connection closed!!!
2017-10-11 11:42:53 INFO  WebServerInitializer:22 - Web Server Initializing...
2017-10-11 11:42:53 INFO  WebServer:26 - In thread 
2017-10-11 11:42:53 INFO  WebServer:31 - server socket started at PORT 1111 and waiting for client request
2017-10-11 11:43:05 INFO  WebServer:36 - Connection is established
2017-10-11 11:43:05 INFO  DBManager:20 - Connecting to database...
2017-10-11 11:43:05 INFO  DBManager:23 - Creating statement...
2017-10-11 11:43:05 INFO  DBManager:29 - Query : INSERT INTO clientinfo VALUES(?,?)
2017-10-11 11:43:05 INFO  DBManager:32 - 1 record inserted 
2017-10-11 11:43:05 INFO  HTTPHandle:44 - Connection closed!!!
2017-10-11 11:43:13 INFO  WebServer:36 - Connection is established
2017-10-11 11:43:13 INFO  DBManager:20 - Connecting to database...
2017-10-11 11:43:13 INFO  DBManager:23 - Creating statement...
2017-10-11 11:43:13 INFO  DBManager:29 - Query : INSERT INTO clientinfo VALUES(?,?)
2017-10-11 11:43:13 INFO  DBManager:32 - 1 record inserted 
2017-10-11 11:43:13 INFO  HTTPHandle:44 - Connection closed!!!
2017-10-11 11:50:14 INFO  WebServer:36 - Connection is established
2017-10-11 11:50:14 INFO  DBManager:20 - Connecting to database...
2017-10-11 11:50:14 INFO  DBManager:23 - Creating statement...
2017-10-11 11:50:14 INFO  DBManager:29 - Query : INSERT INTO clientinfo VALUES(?,?)
2017-10-11 11:50:14 INFO  DBManager:32 - 1 record inserted 
2017-10-11 11:50:14 INFO  HTTPHandle:44 - Connection closed!!!
2017-10-11 12:12:42 INFO  WebServerInitializer:22 - Web Server Initializing...
2017-10-11 12:12:42 INFO  WebServer:26 - In thread 
2017-10-11 12:12:42 INFO  WebServer:31 - server socket started at PORT 1111 and waiting for client request
2017-10-11 12:12:46 INFO  WebServer:36 - Connection is established
2017-10-11 12:12:46 INFO  DBManager:20 - Connecting to database...
2017-10-11 12:12:46 INFO  DBManager:23 - Creating statement...
2017-10-11 12:12:46 INFO  DBManager:29 - Query : INSERT INTO clientinfo VALUES(?,?)
2017-10-11 12:12:47 INFO  DBManager:32 - 1 record inserted 
2017-10-11 12:13:46 INFO  WebServerInitializer:22 - Web Server Initializing...
2017-10-11 12:13:46 INFO  WebServer:26 - In thread 
2017-10-11 12:13:46 INFO  WebServer:31 - server socket started at PORT 1111 and waiting for client request
2017-10-11 12:13:56 INFO  WebServer:36 - Connection is established
2017-10-11 12:13:56 INFO  DBManager:20 - Connecting to database...
2017-10-11 12:13:56 INFO  DBManager:23 - Creating statement...
2017-10-11 12:13:56 INFO  DBManager:29 - Query : INSERT INTO clientinfo VALUES(?,?)
2017-10-11 12:13:56 INFO  DBManager:32 - 1 record inserted 
2017-10-11 12:14:12 INFO  WebServer:36 - Connection is established
2017-10-11 12:14:12 INFO  DBManager:20 - Connecting to database...
2017-10-11 12:14:12 INFO  DBManager:23 - Creating statement...
2017-10-11 12:14:12 INFO  DBManager:29 - Query : INSERT INTO clientinfo VALUES(?,?)
2017-10-11 12:14:12 INFO  DBManager:32 - 1 record inserted 
2017-10-11 12:14:20 INFO  WebServer:36 - Connection is established
2017-10-11 12:14:20 INFO  DBManager:20 - Connecting to database...
2017-10-11 12:14:30 INFO  DBManager:23 - Creating statement...
2017-10-11 12:14:30 INFO  DBManager:29 - Query : INSERT INTO clientinfo VALUES(?,?)
2017-10-11 12:14:30 INFO  DBManager:32 - 1 record inserted 
2017-10-11 12:15:50 INFO  WebServerInitializer:22 - Web Server Initializing...
2017-10-11 12:15:50 INFO  WebServer:26 - In thread 
2017-10-11 12:15:50 INFO  WebServer:31 - server socket started at PORT 1111 and waiting for client request
2017-10-11 12:15:50 INFO  WebServer:36 - Connection is established
2017-10-11 12:15:50 INFO  DBManager:20 - Connecting to database...
2017-10-11 12:15:51 INFO  DBManager:23 - Creating statement...
2017-10-11 12:15:51 INFO  DBManager:29 - Query : INSERT INTO clientinfo VALUES(?,?)
2017-10-11 12:15:51 INFO  DBManager:32 - 1 record inserted 
2017-10-11 12:16:38 INFO  WebServerInitializer:22 - Web Server Initializing...
2017-10-11 12:16:38 INFO  WebServer:26 - In thread 
2017-10-11 12:16:38 INFO  WebServer:31 - server socket started at PORT 1111 and waiting for client request
2017-10-11 12:16:51 INFO  WebServer:36 - Connection is established
2017-10-11 12:16:51 INFO  DBManager:20 - Connecting to database...
2017-10-11 12:16:51 INFO  DBManager:23 - Creating statement...
2017-10-11 12:16:51 INFO  DBManager:29 - Query : INSERT INTO clientinfo VALUES(?,?)
2017-10-11 12:16:51 INFO  DBManager:32 - 1 record inserted 
2017-10-11 12:16:51 INFO  HTTPHandle:44 - Connection closed!!!
2017-10-11 12:25:07 INFO  WebServer:36 - Connection is established
2017-10-11 12:25:07 INFO  DBManager:20 - Connecting to database...
2017-10-11 12:25:08 INFO  DBManager:23 - Creating statement...
2017-10-11 12:25:08 INFO  DBManager:29 - Query : INSERT INTO clientinfo VALUES(?,?)
2017-10-11 12:25:08 INFO  DBManager:32 - 1 record inserted 
2017-10-11 12:25:08 INFO  HTTPHandle:44 - Connection closed!!!
2017-10-11 12:28:08 INFO  WebServerInitializer:22 - Web Server Initializing...
2017-10-11 12:28:08 INFO  WebServer:26 - In thread 
2017-10-11 12:28:08 INFO  WebServer:31 - server socket started at PORT 1111 and waiting for client request
2017-10-11 12:28:21 INFO  WebServer:36 - Connection is established
2017-10-11 12:28:21 INFO  DBManager:20 - Connecting to database...
2017-10-11 12:28:21 INFO  DBManager:23 - Creating statement...
2017-10-11 12:28:21 INFO  DBManager:29 - Query : INSERT INTO clientinfo VALUES(?,?)
2017-10-11 12:28:22 INFO  DBManager:32 - 1 record inserted 
2017-10-11 12:28:22 INFO  HTTPHandle:47 - Connection closed!!!
2017-10-11 12:50:04 INFO  WebServerInitializer:22 - Web Server Initializing...
2017-10-11 12:50:04 INFO  WebServer:26 - In thread 
2017-10-11 12:50:04 INFO  WebServer:31 - server socket started at PORT 1111 and waiting for client request
2017-10-11 12:50:13 INFO  WebServer:36 - Connection is established
2017-10-11 12:50:13 INFO  DBManager:20 - Connecting to database...
2017-10-11 12:50:13 INFO  DBManager:23 - Creating statement...
2017-10-11 12:50:13 INFO  DBManager:29 - Query : INSERT INTO clientinfo VALUES(?,?)
2017-10-11 12:50:13 INFO  DBManager:32 - 1 record inserted 
2017-10-11 12:50:13 INFO  HTTPHandle:47 - Connection closed!!!
2017-10-11 12:50:42 INFO  WebServerInitializer:22 - Web Server Initializing...
2017-10-11 12:50:42 INFO  WebServer:26 - In thread 
2017-10-11 12:50:42 INFO  WebServer:31 - server socket started at PORT 1111 and waiting for client request
2017-10-11 12:50:48 INFO  WebServerInitializer:22 - Web Server Initializing...
2017-10-11 12:50:48 INFO  WebServer:26 - In thread 
2017-10-11 12:50:48 INFO  WebServer:31 - server socket started at PORT 1111 and waiting for client request
2017-10-11 12:50:52 INFO  WebServer:36 - Connection is established
2017-10-11 12:50:52 INFO  DBManager:20 - Connecting to database...
2017-10-11 12:50:52 INFO  DBManager:23 - Creating statement...
2017-10-11 12:50:52 INFO  DBManager:29 - Query : INSERT INTO clientinfo VALUES(?,?)
2017-10-11 12:50:52 INFO  DBManager:32 - 1 record inserted 
2017-10-11 12:50:52 INFO  HTTPHandle:47 - Connection closed!!!
2017-10-11 12:56:54 INFO  WebServer:36 - Connection is established
2017-10-11 12:56:54 INFO  DBManager:20 - Connecting to database...
2017-10-11 12:56:54 INFO  DBManager:23 - Creating statement...
2017-10-11 12:56:54 INFO  DBManager:29 - Query : INSERT INTO clientinfo VALUES(?,?)
2017-10-11 12:56:54 INFO  DBManager:32 - 1 record inserted 
2017-10-11 12:56:55 INFO  HTTPHandle:47 - Connection closed!!!
2017-10-11 12:57:12 INFO  WebServer:36 - Connection is established
2017-10-11 12:57:12 INFO  DBManager:20 - Connecting to database...
2017-10-11 12:57:12 INFO  DBManager:23 - Creating statement...
2017-10-11 12:57:12 INFO  DBManager:29 - Query : INSERT INTO clientinfo VALUES(?,?)
2017-10-11 12:57:12 INFO  DBManager:32 - 1 record inserted 
2017-10-11 12:57:12 INFO  HTTPHandle:47 - Connection closed!!!
2017-10-11 13:29:10 INFO  WebServerInitializer:22 - Web Server Initializing...
2017-10-11 13:29:10 INFO  WebServer:26 - In thread 
2017-10-11 13:29:10 INFO  WebServer:31 - server socket started at PORT 1111 and waiting for client request
2017-10-11 13:29:14 INFO  WebServer:36 - Connection is established
2017-10-11 13:29:14 INFO  DBManager:20 - Connecting to database...
2017-10-11 13:29:14 INFO  DBManager:23 - Creating statement...
2017-10-11 13:29:14 INFO  DBManager:29 - Query : INSERT INTO clientinfo VALUES(?,?)
2017-10-11 13:29:14 INFO  DBManager:32 - 1 record inserted 
2017-10-11 13:29:14 INFO  HTTPHandle:55 - Connection closed!!!
2017-10-11 13:48:02 INFO  WebServer:36 - Connection is established
2017-10-11 13:48:02 INFO  DBManager:20 - Connecting to database...
2017-10-11 13:48:03 INFO  DBManager:23 - Creating statement...
2017-10-11 13:48:03 INFO  DBManager:29 - Query : INSERT INTO clientinfo VALUES(?,?)
2017-10-11 13:48:03 INFO  DBManager:32 - 1 record inserted 
2017-10-11 13:48:03 INFO  HTTPHandle:55 - Connection closed!!!
2017-10-11 15:19:44 INFO  WebServerInitializer:22 - Web Server Initializing...
2017-10-11 15:19:44 INFO  WebServer:26 - In thread 
2017-10-11 15:19:44 INFO  WebServer:31 - server socket started at PORT 1111 and waiting for client request
2017-10-11 15:19:48 INFO  WebServer:36 - Connection is established
2017-10-11 15:19:48 INFO  DBManager:20 - Connecting to database...
2017-10-11 15:19:48 INFO  DBManager:23 - Creating statement...
2017-10-11 15:19:48 INFO  DBManager:29 - Query : INSERT INTO clientinfo VALUES(?,?)
2017-10-11 15:19:49 INFO  DBManager:32 - 1 record inserted 
2017-10-11 15:19:49 INFO  HTTPHandle:63 - Connection closed!!!
2017-10-11 15:20:17 INFO  WebServerInitializer:22 - Web Server Initializing...
2017-10-11 15:20:17 INFO  WebServer:26 - In thread 
2017-10-11 15:20:17 INFO  WebServer:31 - server socket started at PORT 1111 and waiting for client request
2017-10-11 15:20:22 INFO  WebServer:36 - Connection is established
2017-10-11 15:20:22 INFO  DBManager:20 - Connecting to database...
2017-10-11 15:20:22 INFO  DBManager:23 - Creating statement...
2017-10-11 15:20:22 INFO  DBManager:29 - Query : INSERT INTO clientinfo VALUES(?,?)
2017-10-11 15:20:22 INFO  DBManager:32 - 1 record inserted 
2017-10-11 15:20:22 INFO  HTTPHandle:63 - Connection closed!!!
2017-10-11 15:20:24 INFO  WebServer:36 - Connection is established
2017-10-11 15:20:24 INFO  DBManager:20 - Connecting to database...
2017-10-11 15:20:24 INFO  DBManager:23 - Creating statement...
2017-10-11 15:20:24 INFO  DBManager:29 - Query : INSERT INTO clientinfo VALUES(?,?)
2017-10-11 15:20:24 INFO  DBManager:32 - 1 record inserted 
2017-10-11 15:20:24 INFO  HTTPHandle:63 - Connection closed!!!
2017-10-11 15:26:24 INFO  WebServerInitializer:22 - Web Server Initializing...
2017-10-11 15:26:24 INFO  WebServer:26 - In thread 
2017-10-11 15:26:24 INFO  WebServer:31 - server socket started at PORT 1111 and waiting for client request
2017-10-11 15:26:25 INFO  WebServer:36 - Connection is established
2017-10-11 15:26:25 INFO  DBManager:20 - Connecting to database...
2017-10-11 15:26:25 INFO  WebServer:36 - Connection is established
2017-10-11 15:26:25 INFO  DBManager:20 - Connecting to database...
2017-10-11 15:26:25 INFO  DBManager:23 - Creating statement...
2017-10-11 15:26:25 INFO  DBManager:23 - Creating statement...
2017-10-11 15:26:25 INFO  DBManager:29 - Query : INSERT INTO clientinfo VALUES(?,?)
2017-10-11 15:26:25 INFO  DBManager:29 - Query : INSERT INTO clientinfo VALUES(?,?)
2017-10-11 15:26:26 INFO  DBManager:32 - 1 record inserted 
2017-10-11 15:26:26 INFO  HTTPHandle:67 - Connection closed!!!
2017-10-11 15:26:26 INFO  DBManager:32 - 1 record inserted 
2017-10-11 15:26:59 INFO  WebServerInitializer:22 - Web Server Initializing...
2017-10-11 15:26:59 INFO  WebServer:26 - In thread 
2017-10-11 15:26:59 INFO  WebServer:31 - server socket started at PORT 1111 and waiting for client request
2017-10-11 15:27:01 INFO  WebServer:36 - Connection is established
2017-10-11 15:27:01 INFO  DBManager:20 - Connecting to database...
2017-10-11 15:27:01 INFO  DBManager:23 - Creating statement...
2017-10-11 15:27:01 INFO  DBManager:29 - Query : INSERT INTO clientinfo VALUES(?,?)
2017-10-11 15:27:01 INFO  DBManager:32 - 1 record inserted 
2017-10-11 15:27:01 INFO  HTTPHandle:67 - Connection closed!!!
2017-10-11 15:27:01 INFO  WebServer:36 - Connection is established
2017-10-11 15:27:01 INFO  DBManager:20 - Connecting to database...
2017-10-11 15:27:01 INFO  DBManager:23 - Creating statement...
2017-10-11 15:27:01 INFO  DBManager:29 - Query : INSERT INTO clientinfo VALUES(?,?)
2017-10-11 15:27:02 INFO  DBManager:32 - 1 record inserted 
2017-10-11 15:27:02 INFO  HTTPHandle:67 - Connection closed!!!
2017-10-11 15:27:02 INFO  WebServer:36 - Connection is established
2017-10-11 15:27:02 INFO  DBManager:20 - Connecting to database...
2017-10-11 15:27:02 INFO  DBManager:23 - Creating statement...
2017-10-11 15:27:02 INFO  DBManager:29 - Query : INSERT INTO clientinfo VALUES(?,?)
2017-10-11 15:27:02 INFO  DBManager:32 - 1 record inserted 
2017-10-11 15:27:02 INFO  HTTPHandle:67 - Connection closed!!!
2017-10-11 15:27:02 INFO  WebServer:36 - Connection is established
2017-10-11 15:27:02 INFO  DBManager:20 - Connecting to database...
2017-10-11 15:27:02 INFO  DBManager:23 - Creating statement...
2017-10-11 15:27:02 INFO  DBManager:29 - Query : INSERT INTO clientinfo VALUES(?,?)
2017-10-11 15:27:02 INFO  DBManager:32 - 1 record inserted 
2017-10-11 15:27:02 INFO  HTTPHandle:67 - Connection closed!!!
2017-10-11 15:27:02 INFO  WebServer:36 - Connection is established
2017-10-11 15:27:02 INFO  DBManager:20 - Connecting to database...
2017-10-11 15:27:02 INFO  DBManager:23 - Creating statement...
2017-10-11 15:27:02 INFO  DBManager:29 - Query : INSERT INTO clientinfo VALUES(?,?)
2017-10-11 15:27:02 INFO  DBManager:32 - 1 record inserted 
2017-10-11 15:27:02 INFO  HTTPHandle:67 - Connection closed!!!
2017-10-11 15:27:02 INFO  WebServer:36 - Connection is established
2017-10-11 15:27:02 INFO  DBManager:20 - Connecting to database...
2017-10-11 15:27:02 INFO  DBManager:23 - Creating statement...
2017-10-11 15:27:02 INFO  DBManager:29 - Query : INSERT INTO clientinfo VALUES(?,?)
2017-10-11 15:27:02 INFO  DBManager:32 - 1 record inserted 
2017-10-11 15:27:02 INFO  HTTPHandle:67 - Connection closed!!!
2017-10-11 15:27:02 INFO  WebServer:36 - Connection is established
2017-10-11 15:27:02 INFO  DBManager:20 - Connecting to database...
2017-10-11 15:27:02 INFO  DBManager:23 - Creating statement...
2017-10-11 15:27:02 INFO  DBManager:29 - Query : INSERT INTO clientinfo VALUES(?,?)
2017-10-11 15:27:02 INFO  DBManager:32 - 1 record inserted 
2017-10-11 15:27:02 INFO  HTTPHandle:67 - Connection closed!!!
2017-10-11 15:27:02 INFO  WebServer:36 - Connection is established
2017-10-11 15:27:02 INFO  DBManager:20 - Connecting to database...
2017-10-11 15:27:02 INFO  DBManager:23 - Creating statement...
2017-10-11 15:27:02 INFO  DBManager:29 - Query : INSERT INTO clientinfo VALUES(?,?)
2017-10-11 15:27:02 INFO  DBManager:32 - 1 record inserted 
2017-10-11 15:27:02 INFO  HTTPHandle:67 - Connection closed!!!
2017-10-11 15:27:02 INFO  WebServer:36 - Connection is established
2017-10-11 15:27:02 INFO  DBManager:20 - Connecting to database...
2017-10-11 15:27:02 INFO  DBManager:23 - Creating statement...
2017-10-11 15:27:02 INFO  DBManager:29 - Query : INSERT INTO clientinfo VALUES(?,?)
2017-10-11 15:27:02 INFO  DBManager:32 - 1 record inserted 
2017-10-11 15:27:02 INFO  HTTPHandle:67 - Connection closed!!!
2017-10-11 15:27:02 INFO  WebServer:36 - Connection is established
2017-10-11 15:27:02 INFO  DBManager:20 - Connecting to database...
2017-10-11 15:27:02 INFO  DBManager:23 - Creating statement...
2017-10-11 15:27:02 INFO  DBManager:29 - Query : INSERT INTO clientinfo VALUES(?,?)
2017-10-11 15:27:02 INFO  DBManager:32 - 1 record inserted 
2017-10-11 15:27:02 INFO  HTTPHandle:67 - Connection closed!!!
2017-10-11 15:27:05 INFO  WebServer:36 - Connection is established
2017-10-11 15:27:05 INFO  DBManager:20 - Connecting to database...
2017-10-11 15:27:05 INFO  DBManager:23 - Creating statement...
2017-10-11 15:27:05 INFO  DBManager:29 - Query : INSERT INTO clientinfo VALUES(?,?)
2017-10-11 15:27:05 INFO  DBManager:32 - 1 record inserted 
2017-10-11 15:27:05 INFO  HTTPHandle:67 - Connection closed!!!
2017-10-11 15:27:05 INFO  WebServer:36 - Connection is established
2017-10-11 15:27:05 INFO  DBManager:20 - Connecting to database...
2017-10-11 15:27:05 INFO  DBManager:23 - Creating statement...
2017-10-11 15:27:05 INFO  DBManager:29 - Query : INSERT INTO clientinfo VALUES(?,?)
2017-10-11 15:27:05 INFO  DBManager:32 - 1 record inserted 
2017-10-11 15:27:05 INFO  HTTPHandle:67 - Connection closed!!!
2017-10-11 15:27:05 INFO  WebServer:36 - Connection is established
2017-10-11 15:27:05 INFO  DBManager:20 - Connecting to database...
2017-10-11 15:27:05 INFO  DBManager:23 - Creating statement...
2017-10-11 15:27:05 INFO  DBManager:29 - Query : INSERT INTO clientinfo VALUES(?,?)
2017-10-11 15:27:05 INFO  DBManager:32 - 1 record inserted 
2017-10-11 15:27:05 INFO  HTTPHandle:67 - Connection closed!!!
2017-10-11 15:27:05 INFO  WebServer:36 - Connection is established
2017-10-11 15:27:05 INFO  DBManager:20 - Connecting to database...
2017-10-11 15:27:05 INFO  DBManager:23 - Creating statement...
2017-10-11 15:27:05 INFO  DBManager:29 - Query : INSERT INTO clientinfo VALUES(?,?)
2017-10-11 15:27:05 INFO  DBManager:32 - 1 record inserted 
2017-10-11 15:27:05 INFO  HTTPHandle:67 - Connection closed!!!
2017-10-11 15:27:05 INFO  WebServer:36 - Connection is established
2017-10-11 15:27:05 INFO  DBManager:20 - Connecting to database...
2017-10-11 15:27:06 INFO  DBManager:23 - Creating statement...
2017-10-11 15:27:06 INFO  DBManager:29 - Query : INSERT INTO clientinfo VALUES(?,?)
2017-10-11 15:27:06 INFO  DBManager:32 - 1 record inserted 
2017-10-11 15:27:06 INFO  HTTPHandle:67 - Connection closed!!!
2017-10-11 15:27:06 INFO  WebServer:36 - Connection is established
2017-10-11 15:27:06 INFO  DBManager:20 - Connecting to database...
2017-10-11 15:27:06 INFO  DBManager:23 - Creating statement...
2017-10-11 15:27:06 INFO  DBManager:29 - Query : INSERT INTO clientinfo VALUES(?,?)
2017-10-11 15:27:06 INFO  DBManager:32 - 1 record inserted 
2017-10-11 15:27:06 INFO  HTTPHandle:67 - Connection closed!!!
2017-10-11 15:27:06 INFO  WebServer:36 - Connection is established
2017-10-11 15:27:06 INFO  DBManager:20 - Connecting to database...
2017-10-11 15:27:06 INFO  DBManager:23 - Creating statement...
2017-10-11 15:27:06 INFO  DBManager:29 - Query : INSERT INTO clientinfo VALUES(?,?)
2017-10-11 15:27:06 INFO  DBManager:32 - 1 record inserted 
2017-10-11 15:27:06 INFO  HTTPHandle:67 - Connection closed!!!
2017-10-11 15:27:06 INFO  WebServer:36 - Connection is established
2017-10-11 15:27:06 INFO  DBManager:20 - Connecting to database...
2017-10-11 15:27:06 INFO  DBManager:23 - Creating statement...
2017-10-11 15:27:06 INFO  DBManager:29 - Query : INSERT INTO clientinfo VALUES(?,?)
2017-10-11 15:27:06 INFO  DBManager:32 - 1 record inserted 
2017-10-11 15:27:06 INFO  HTTPHandle:67 - Connection closed!!!
2017-10-11 15:27:06 INFO  WebServer:36 - Connection is established
2017-10-11 15:27:06 INFO  DBManager:20 - Connecting to database...
2017-10-11 15:27:06 INFO  DBManager:23 - Creating statement...
2017-10-11 15:27:06 INFO  DBManager:29 - Query : INSERT INTO clientinfo VALUES(?,?)
2017-10-11 15:27:06 INFO  DBManager:32 - 1 record inserted 
2017-10-11 15:27:06 INFO  HTTPHandle:67 - Connection closed!!!
2017-10-11 15:27:06 INFO  WebServer:36 - Connection is established
2017-10-11 15:27:06 INFO  DBManager:20 - Connecting to database...
2017-10-11 15:27:06 INFO  DBManager:23 - Creating statement...
2017-10-11 15:27:06 INFO  DBManager:29 - Query : INSERT INTO clientinfo VALUES(?,?)
2017-10-11 15:27:06 INFO  DBManager:32 - 1 record inserted 
2017-10-11 15:27:06 INFO  HTTPHandle:67 - Connection closed!!!
2017-10-11 15:29:31 INFO  WebServerInitializer:22 - Web Server Initializing...
2017-10-11 15:29:31 INFO  WebServer:26 - In thread 
2017-10-11 15:29:31 INFO  WebServer:31 - server socket started at PORT 1111 and waiting for client request
2017-10-11 15:29:37 INFO  WebServer:36 - Connection is established
2017-10-11 15:29:37 INFO  DBManager:20 - Connecting to database...
2017-10-11 15:29:37 INFO  DBManager:23 - Creating statement...
2017-10-11 15:29:37 INFO  DBManager:29 - Query : INSERT INTO clientinfo VALUES(?,?)
2017-10-11 15:29:37 INFO  DBManager:32 - 1 record inserted 
2017-10-11 15:29:37 INFO  HTTPHandle:51 - Connection closed!!!
2017-10-11 15:36:05 INFO  WebServer:36 - Connection is established
2017-10-11 15:36:05 INFO  DBManager:20 - Connecting to database...
2017-10-11 15:36:05 INFO  DBManager:23 - Creating statement...
2017-10-11 15:36:05 INFO  DBManager:29 - Query : INSERT INTO clientinfo VALUES(?,?)
2017-10-11 15:36:05 INFO  DBManager:32 - 1 record inserted 
2017-10-11 15:36:05 INFO  HTTPHandle:51 - Connection closed!!!
2017-10-11 15:36:18 INFO  WebServerInitializer:22 - Web Server Initializing...
2017-10-11 15:36:18 INFO  WebServer:26 - In thread 
2017-10-11 15:36:18 INFO  WebServer:31 - server socket started at PORT 1111 and waiting for client request
2017-10-11 15:36:27 INFO  WebServer:36 - Connection is established
2017-10-11 15:36:27 INFO  DBManager:20 - Connecting to database...
2017-10-11 15:36:27 INFO  DBManager:23 - Creating statement...
2017-10-11 15:36:27 INFO  DBManager:29 - Query : INSERT INTO clientinfo VALUES(?,?)
2017-10-11 15:36:27 INFO  DBManager:32 - 1 record inserted 
2017-10-11 15:36:27 INFO  HTTPHandle:51 - Connection closed!!!
2017-10-11 15:36:56 INFO  WebServer:36 - Connection is established
2017-10-11 15:36:56 INFO  DBManager:20 - Connecting to database...
2017-10-11 15:36:56 INFO  DBManager:23 - Creating statement...
2017-10-11 15:36:56 INFO  DBManager:29 - Query : INSERT INTO clientinfo VALUES(?,?)
2017-10-11 15:36:56 INFO  DBManager:32 - 1 record inserted 
2017-10-11 15:36:56 INFO  HTTPHandle:51 - Connection closed!!!
2017-10-11 15:37:08 INFO  WebServer:36 - Connection is established
2017-10-11 15:37:08 INFO  DBManager:20 - Connecting to database...
2017-10-11 15:37:08 INFO  DBManager:23 - Creating statement...
2017-10-11 15:37:08 INFO  DBManager:29 - Query : INSERT INTO clientinfo VALUES(?,?)
2017-10-11 15:37:08 INFO  DBManager:32 - 1 record inserted 
2017-10-11 15:37:08 INFO  HTTPHandle:51 - Connection closed!!!
2017-10-11 15:40:58 INFO  WebServer:36 - Connection is established
2017-10-11 15:40:58 INFO  DBManager:20 - Connecting to database...
2017-10-11 15:40:58 INFO  DBManager:23 - Creating statement...
2017-10-11 15:40:58 INFO  DBManager:29 - Query : INSERT INTO clientinfo VALUES(?,?)
2017-10-11 15:40:58 INFO  DBManager:32 - 1 record inserted 
2017-10-11 15:40:58 INFO  HTTPHandle:51 - Connection closed!!!
2017-10-11 15:47:07 INFO  WebServerInitializer:22 - Web Server Initializing...
2017-10-11 15:47:07 INFO  WebServer:26 - In thread 
2017-10-11 15:47:07 INFO  WebServer:31 - server socket started at PORT 1111 and waiting for client request
2017-10-11 15:47:19 INFO  WebServer:36 - Connection is established
2017-10-11 15:47:19 INFO  DBManager:20 - Connecting to database...
2017-10-11 15:47:19 INFO  DBManager:23 - Creating statement...
2017-10-11 15:47:19 INFO  DBManager:29 - Query : INSERT INTO clientinfo VALUES(?,?)
2017-10-11 15:47:19 INFO  DBManager:32 - 1 record inserted 
2017-10-11 15:47:19 INFO  HTTPHandle:60 - Connection closed!!!
2017-10-11 15:47:29 INFO  WebServer:36 - Connection is established
2017-10-11 15:47:29 INFO  DBManager:20 - Connecting to database...
2017-10-11 15:47:29 INFO  DBManager:23 - Creating statement...
2017-10-11 15:47:29 INFO  DBManager:29 - Query : INSERT INTO clientinfo VALUES(?,?)
2017-10-11 15:47:29 INFO  DBManager:32 - 1 record inserted 
2017-10-11 15:47:29 INFO  HTTPHandle:60 - Connection closed!!!
2017-10-11 15:47:36 INFO  WebServer:36 - Connection is established
2017-10-11 15:47:36 INFO  DBManager:20 - Connecting to database...
2017-10-11 15:47:36 INFO  DBManager:23 - Creating statement...
2017-10-11 15:47:36 INFO  DBManager:29 - Query : INSERT INTO clientinfo VALUES(?,?)
2017-10-11 15:47:36 INFO  DBManager:32 - 1 record inserted 
2017-10-11 15:47:36 INFO  HTTPHandle:60 - Connection closed!!!
2017-10-11 15:47:43 INFO  WebServer:36 - Connection is established
2017-10-11 15:47:43 INFO  DBManager:20 - Connecting to database...
2017-10-11 15:47:43 INFO  DBManager:23 - Creating statement...
2017-10-11 15:47:43 INFO  DBManager:29 - Query : INSERT INTO clientinfo VALUES(?,?)
2017-10-11 15:47:43 INFO  DBManager:32 - 1 record inserted 
2017-10-11 15:47:43 INFO  HTTPHandle:60 - Connection closed!!!
2017-10-11 15:53:06 INFO  WebServerInitializer:22 - Web Server Initializing...
2017-10-11 15:53:06 INFO  WebServer:26 - In thread 
2017-10-11 15:53:06 INFO  WebServer:31 - server socket started at PORT 1111 and waiting for client request
2017-10-11 15:53:13 INFO  WebServer:36 - Connection is established
2017-10-11 15:53:13 INFO  DBManager:20 - Connecting to database...
2017-10-11 15:53:13 INFO  DBManager:23 - Creating statement...
2017-10-11 15:53:13 INFO  DBManager:29 - Query : INSERT INTO clientinfo VALUES(?,?)
2017-10-11 15:53:13 INFO  DBManager:32 - 1 record inserted 
2017-10-11 15:53:13 INFO  HTTPHandle:61 - Connection closed!!!
2017-10-11 15:53:23 INFO  WebServer:36 - Connection is established
2017-10-11 15:53:23 INFO  DBManager:20 - Connecting to database...
2017-10-11 15:53:23 INFO  DBManager:23 - Creating statement...
2017-10-11 15:53:23 INFO  DBManager:29 - Query : INSERT INTO clientinfo VALUES(?,?)
2017-10-11 15:53:23 INFO  DBManager:32 - 1 record inserted 
2017-10-11 15:53:23 INFO  HTTPHandle:61 - Connection closed!!!
2017-10-11 15:58:28 INFO  WebServerInitializer:22 - Web Server Initializing...
2017-10-11 15:58:28 INFO  WebServer:26 - In thread 
2017-10-11 15:58:28 INFO  WebServer:31 - server socket started at PORT 1111 and waiting for client request
2017-10-11 15:58:28 INFO  WebServer:36 - Connection is established
2017-10-11 15:58:28 INFO  DBManager:20 - Connecting to database...
2017-10-11 15:58:28 INFO  WebServer:36 - Connection is established
2017-10-11 15:58:28 INFO  DBManager:20 - Connecting to database...
2017-10-11 15:58:28 INFO  WebServerInitializer:22 - Web Server Initializing...
2017-10-11 15:58:28 INFO  WebServer:26 - In thread 
2017-10-11 15:58:28 INFO  DBManager:23 - Creating statement...
2017-10-11 15:58:28 INFO  DBManager:23 - Creating statement...
2017-10-11 15:58:28 INFO  DBManager:29 - Query : INSERT INTO clientinfo VALUES(?,?)
2017-10-11 15:58:28 INFO  DBManager:29 - Query : INSERT INTO clientinfo VALUES(?,?)
2017-10-11 15:58:28 INFO  DBManager:32 - 1 record inserted 
2017-10-11 15:58:28 INFO  DBManager:32 - 1 record inserted 
2017-10-11 15:58:33 INFO  HTTPHandle:61 - Connection closed!!!
2017-10-11 16:05:14 INFO  WebServerInitializer:22 - Web Server Initializing...
2017-10-11 16:05:14 INFO  WebServer:26 - In thread 
2017-10-11 16:05:14 INFO  WebServer:31 - server socket started at PORT 1111 and waiting for client request
2017-10-11 16:05:24 INFO  WebServer:36 - Connection is established
2017-10-11 16:05:24 INFO  DBManager:20 - Connecting to database...
2017-10-11 16:05:24 INFO  DBManager:23 - Creating statement...
2017-10-11 16:05:24 INFO  DBManager:29 - Query : INSERT INTO clientinfo VALUES(?,?)
2017-10-11 16:05:24 INFO  DBManager:32 - 1 record inserted 
2017-10-11 16:05:24 INFO  HTTPHandle:65 - Connection closed!!!
2017-10-11 16:05:33 INFO  WebServer:36 - Connection is established
2017-10-11 16:05:33 INFO  DBManager:20 - Connecting to database...
2017-10-11 16:05:34 INFO  DBManager:23 - Creating statement...
2017-10-11 16:05:34 INFO  DBManager:29 - Query : INSERT INTO clientinfo VALUES(?,?)
2017-10-11 16:05:34 INFO  DBManager:32 - 1 record inserted 
2017-10-11 16:05:34 INFO  HTTPHandle:65 - Connection closed!!!
2017-10-11 16:09:02 INFO  WebServer:36 - Connection is established
2017-10-11 16:09:02 INFO  DBManager:20 - Connecting to database...
2017-10-11 16:09:02 INFO  DBManager:23 - Creating statement...
2017-10-11 16:09:02 INFO  DBManager:29 - Query : INSERT INTO clientinfo VALUES(?,?)
2017-10-11 16:09:02 INFO  DBManager:32 - 1 record inserted 
2017-10-11 16:09:02 INFO  HTTPHandle:65 - Connection closed!!!
2017-10-11 16:12:09 INFO  WebServerInitializer:22 - Web Server Initializing...
2017-10-11 16:12:09 INFO  WebServer:26 - In thread 
2017-10-11 16:12:09 INFO  WebServer:31 - server socket started at PORT 1111 and waiting for client request
2017-10-11 16:12:40 INFO  WebServerInitializer:22 - Web Server Initializing...
2017-10-11 16:12:40 INFO  WebServer:26 - In thread 
2017-10-11 16:12:40 INFO  WebServer:31 - server socket started at PORT 1111 and waiting for client request
2017-10-11 16:12:45 INFO  WebServer:36 - Connection is established
2017-10-11 16:12:45 INFO  DBManager:20 - Connecting to database...
2017-10-11 16:12:45 INFO  DBManager:23 - Creating statement...
2017-10-11 16:12:45 INFO  DBManager:29 - Query : INSERT INTO clientinfo VALUES(?,?)
2017-10-11 16:12:45 INFO  DBManager:32 - 1 record inserted 
2017-10-11 16:12:45 INFO  HTTPHandle:67 - Connection closed!!!
2017-10-11 16:16:31 INFO  WebServerInitializer:22 - Web Server Initializing...
2017-10-11 16:16:31 INFO  WebServer:26 - In thread 
2017-10-11 16:16:31 INFO  WebServer:31 - server socket started at PORT 1111 and waiting for client request
2017-10-11 16:16:40 INFO  WebServer:36 - Connection is established
2017-10-11 16:16:40 INFO  DBManager:20 - Connecting to database...
2017-10-11 16:16:40 INFO  DBManager:23 - Creating statement...
2017-10-11 16:16:40 INFO  DBManager:29 - Query : INSERT INTO clientinfo VALUES(?,?)
2017-10-11 16:16:40 INFO  DBManager:32 - 1 record inserted 
2017-10-11 16:16:40 INFO  HTTPHandle:75 - Connection closed!!!
2017-10-11 16:19:52 INFO  WebServerInitializer:22 - Web Server Initializing...
2017-10-11 16:19:52 INFO  WebServer:26 - In thread 
2017-10-11 16:19:52 INFO  WebServer:31 - server socket started at PORT 1111 and waiting for client request
2017-10-11 16:19:56 INFO  WebServer:36 - Connection is established
2017-10-11 16:19:56 INFO  DBManager:20 - Connecting to database...
2017-10-11 16:19:57 INFO  DBManager:23 - Creating statement...
2017-10-11 16:19:57 INFO  DBManager:29 - Query : INSERT INTO clientinfo VALUES(?,?)
2017-10-11 16:19:57 INFO  DBManager:32 - 1 record inserted 
2017-10-11 16:19:57 INFO  HTTPHandle:67 - Connection closed!!!
2017-10-11 16:24:08 INFO  WebServer:36 - Connection is established
2017-10-11 16:24:08 INFO  DBManager:20 - Connecting to database...
2017-10-11 16:24:08 INFO  DBManager:23 - Creating statement...
2017-10-11 16:24:08 INFO  DBManager:29 - Query : INSERT INTO clientinfo VALUES(?,?)
2017-10-11 16:24:08 INFO  DBManager:32 - 1 record inserted 
2017-10-11 16:24:08 INFO  HTTPHandle:67 - Connection closed!!!
2017-10-11 17:15:44 INFO  WebServerInitializer:41 - Web Server Initializing...
2017-10-11 17:15:44 INFO  WebServer:26 - In thread 
2017-10-11 17:15:44 INFO  WebServer:31 - server socket started at PORT 1111 and waiting for client request
2017-10-11 17:15:56 INFO  WebServer:36 - Connection is established
2017-10-11 17:15:56 INFO  DBManager:20 - Connecting to database...
2017-10-11 17:15:56 INFO  DBManager:23 - Creating statement...
2017-10-11 17:15:56 INFO  DBManager:29 - Query : INSERT INTO clientinfo VALUES(?,?)
2017-10-11 17:15:56 INFO  DBManager:32 - 1 record inserted 
2017-10-11 17:15:56 INFO  HTTPHandle:64 - Connection closed!!!
2017-10-11 18:04:19 INFO  WebServerInitializer:41 - Web Server Initializing...
2017-10-11 18:04:19 INFO  WebServer:26 - In thread 
2017-10-11 18:04:19 INFO  WebServer:31 - server socket started at PORT 1111 and waiting for client request
2017-10-11 18:04:21 INFO  WebServer:36 - Connection is established
2017-10-11 18:04:21 INFO  DBManager:22 - Connecting to database...
2017-10-11 18:04:21 INFO  HTTPHandle:67 - Connection closed!!!
2017-10-11 18:11:47 INFO  WebServerInitializer:41 - Web Server Initializing...
2017-10-11 18:11:47 INFO  WebServer:26 - In thread 
2017-10-11 18:11:47 INFO  WebServer:31 - server socket started at PORT 1111 and waiting for client request
2017-10-11 18:11:52 INFO  WebServer:36 - Connection is established
2017-10-11 18:11:52 INFO  DBManager:22 - Connecting to database...
2017-10-11 18:11:52 INFO  HTTPHandle:67 - Connection closed!!!
2017-10-11 18:12:52 INFO  WebServerInitializer:41 - Web Server Initializing...
2017-10-11 18:12:52 INFO  WebServer:26 - In thread 
2017-10-11 18:12:52 INFO  WebServer:31 - server socket started at PORT 1111 and waiting for client request
2017-10-11 18:12:56 INFO  WebServer:36 - Connection is established
2017-10-11 18:12:56 INFO  DBManager:22 - Connecting to database...
2017-10-11 18:12:56 INFO  HTTPHandle:67 - Connection closed!!!
2017-10-11 18:16:50 INFO  WebServerInitializer:41 - Web Server Initializing...
2017-10-11 18:16:50 INFO  WebServer:26 - In thread 
2017-10-11 18:16:50 INFO  WebServer:31 - server socket started at PORT 1111 and waiting for client request
2017-10-11 18:16:54 INFO  WebServer:36 - Connection is established
2017-10-11 18:16:54 INFO  DBManager:22 - Connecting to database...
2017-10-11 18:16:54 INFO  HTTPHandle:67 - Connection closed!!!
2017-10-11 18:17:44 INFO  WebServerInitializer:41 - Web Server Initializing...
2017-10-11 18:17:44 INFO  WebServer:26 - In thread 
2017-10-11 18:17:44 INFO  WebServer:31 - server socket started at PORT 1111 and waiting for client request
2017-10-11 18:17:48 INFO  WebServer:36 - Connection is established
2017-10-11 18:17:48 INFO  DBManager:22 - Connecting to database...
2017-10-11 18:17:48 INFO  HTTPHandle:67 - Connection closed!!!
2017-10-12 11:02:19 INFO  WebServerInitializer:41 - Web Server Initializing...
2017-10-12 11:02:19 INFO  WebServer:26 - In thread 
2017-10-12 11:02:19 INFO  WebServer:31 - server socket started at PORT 1111 and waiting for client request
2017-10-12 11:03:05 INFO  WebServer:36 - Connection is established
2017-10-12 11:03:05 INFO  DBManager:22 - Connecting to database...
2017-10-12 11:03:05 INFO  HTTPHandle:67 - Connection closed!!!
2017-10-12 11:03:05 INFO  WebServer:36 - Connection is established
2017-10-12 11:03:05 INFO  DBManager:22 - Connecting to database...
2017-10-12 11:03:05 INFO  HTTPHandle:67 - Connection closed!!!
2017-10-12 11:11:18 INFO  WebServerInitializer:41 - Web Server Initializing...
2017-10-12 11:11:18 INFO  WebServer:26 - In thread 
2017-10-12 11:11:18 INFO  WebServer:31 - server socket started at PORT 1111 and waiting for client request
2017-10-12 11:11:26 INFO  WebServer:36 - Connection is established
2017-10-12 11:11:27 INFO  DBManager:22 - Connecting to database...
2017-10-12 11:11:27 INFO  HTTPHandle:67 - Connection closed!!!
2017-10-12 11:14:25 INFO  WebServer:36 - Connection is established
2017-10-12 11:14:25 INFO  DBManager:22 - Connecting to database...
2017-10-12 11:14:25 INFO  HTTPHandle:67 - Connection closed!!!
2017-10-12 11:14:55 INFO  WebServerInitializer:41 - Web Server Initializing...
2017-10-12 11:14:55 INFO  WebServer:26 - In thread 
2017-10-12 11:14:55 INFO  WebServer:31 - server socket started at PORT 1111 and waiting for client request
2017-10-12 11:15:08 INFO  WebServer:36 - Connection is established
2017-10-12 11:15:08 INFO  DBManager:22 - Connecting to database...
2017-10-12 11:15:54 INFO  HTTPHandle:67 - Connection closed!!!
2017-10-12 11:15:58 INFO  WebServerInitializer:41 - Web Server Initializing...
2017-10-12 11:15:58 INFO  WebServer:26 - In thread 
2017-10-12 11:15:58 INFO  WebServer:31 - server socket started at PORT 1111 and waiting for client request
2017-10-12 11:16:02 INFO  WebServer:36 - Connection is established
2017-10-12 11:16:02 INFO  DBManager:22 - Connecting to database...
2017-10-12 11:27:52 INFO  HTTPHandle:67 - Connection closed!!!
2017-10-12 11:36:29 INFO  WebServerInitializer:34 - Web Server Initializing...
2017-10-12 11:36:29 INFO  WebServer:26 - In thread 
2017-10-12 11:36:29 INFO  WebServer:31 - server socket started at PORT 1111 and waiting for client request
2017-10-12 11:36:48 INFO  WebServerInitializer:34 - Web Server Initializing...
2017-10-12 11:36:48 INFO  WebServer:26 - In thread 
2017-10-12 11:36:48 INFO  WebServer:31 - server socket started at PORT 1111 and waiting for client request
2017-10-12 11:36:51 INFO  WebServerInitializer:34 - Web Server Initializing...
2017-10-12 11:36:51 INFO  WebServer:26 - In thread 
2017-10-12 11:37:13 INFO  WebServerInitializer:34 - Web Server Initializing...
2017-10-12 11:37:13 INFO  WebServer:26 - In thread 
2017-10-12 11:37:13 INFO  WebServer:31 - server socket started at PORT 1111 and waiting for client request
2017-10-12 11:37:26 INFO  WebServer:36 - Connection is established
2017-10-12 11:37:26 INFO  DBManager:24 - Connecting to database...
2017-10-12 11:37:28 INFO  DBManager:27 - Creating statement...
2017-10-12 11:37:28 INFO  DBManager:33 - Query : INSERT INTO clientinfo VALUES(?,?)
2017-10-12 11:37:28 INFO  DBManager:36 - 1 record inserted 
2017-10-12 11:38:06 INFO  HTTPHandle:69 - Connection closed!!!
2017-10-12 11:38:08 INFO  WebServerInitializer:34 - Web Server Initializing...
2017-10-12 11:38:08 INFO  WebServer:26 - In thread 
2017-10-12 11:38:08 INFO  WebServer:31 - server socket started at PORT 1111 and waiting for client request
2017-10-12 11:39:05 INFO  WebServer:36 - Connection is established
2017-10-12 11:39:05 INFO  DBManager:24 - Connecting to database...
2017-10-12 11:39:06 INFO  DBManager:27 - Creating statement...
2017-10-12 11:39:06 INFO  DBManager:33 - Query : INSERT INTO clientinfo VALUES(?,?)
2017-10-12 11:39:06 INFO  DBManager:36 - 1 record inserted 
2017-10-12 11:39:54 INFO  WebServer:36 - Connection is established
2017-10-12 11:39:57 INFO  DBManager:24 - Connecting to database...
2017-10-12 11:39:57 INFO  DBManager:27 - Creating statement...
2017-10-12 11:39:57 INFO  DBManager:33 - Query : INSERT INTO clientinfo VALUES(?,?)
2017-10-12 11:40:16 INFO  DBManager:36 - 1 record inserted 
2017-10-12 11:40:39 INFO  HTTPHandle:69 - Connection closed!!!
2017-10-12 11:41:27 INFO  WebServer:36 - Connection is established
2017-10-12 11:41:27 INFO  DBManager:24 - Connecting to database...
2017-10-12 11:41:27 INFO  DBManager:27 - Creating statement...
2017-10-12 11:41:27 INFO  DBManager:33 - Query : INSERT INTO clientinfo VALUES(?,?)
2017-10-12 11:41:27 INFO  DBManager:36 - 1 record inserted 
2017-10-12 11:44:07 INFO  HTTPHandle:69 - Connection closed!!!
2017-10-12 11:44:14 INFO  WebServerInitializer:34 - Web Server Initializing...
2017-10-12 11:44:14 INFO  WebServer:26 - In thread 
2017-10-12 11:44:14 INFO  WebServer:31 - server socket started at PORT 1111 and waiting for client request
2017-10-12 11:44:21 INFO  WebServer:36 - Connection is established
2017-10-12 11:44:21 INFO  DBManager:24 - Connecting to database...
2017-10-12 11:44:21 INFO  DBManager:27 - Creating statement...
2017-10-12 11:44:21 INFO  DBManager:33 - Query : INSERT INTO clientinfo VALUES(?,?)
2017-10-12 11:44:21 INFO  DBManager:36 - 1 record inserted 
2017-10-12 11:44:21 INFO  HTTPHandle:69 - Connection closed!!!
2017-10-12 11:44:33 INFO  WebServer:36 - Connection is established
2017-10-12 11:44:33 INFO  DBManager:24 - Connecting to database...
2017-10-12 11:44:33 INFO  DBManager:27 - Creating statement...
2017-10-12 11:44:33 INFO  DBManager:33 - Query : INSERT INTO clientinfo VALUES(?,?)
2017-10-12 11:44:33 INFO  DBManager:36 - 1 record inserted 
2017-10-12 11:44:33 INFO  HTTPHandle:69 - Connection closed!!!
2017-10-12 11:49:37 INFO  WebServer:36 - Connection is established
2017-10-12 11:49:37 INFO  DBManager:24 - Connecting to database...
2017-10-12 11:49:37 INFO  DBManager:27 - Creating statement...
2017-10-12 11:49:37 INFO  DBManager:33 - Query : INSERT INTO clientinfo VALUES(?,?)
2017-10-12 11:49:37 INFO  DBManager:36 - 1 record inserted 
2017-10-12 11:49:37 INFO  HTTPHandle:69 - Connection closed!!!
2017-10-12 11:58:56 INFO  WebServer:36 - Connection is established
2017-10-12 11:58:56 INFO  DBManager:24 - Connecting to database...
2017-10-12 11:58:56 INFO  DBManager:27 - Creating statement...
2017-10-12 11:58:56 INFO  DBManager:33 - Query : INSERT INTO clientinfo VALUES(?,?)
2017-10-12 11:58:56 INFO  DBManager:36 - 1 record inserted 
2017-10-12 11:58:56 INFO  HTTPHandle:69 - Connection closed!!!
2017-10-12 11:59:07 INFO  WebServer:36 - Connection is established
2017-10-12 11:59:07 INFO  DBManager:24 - Connecting to database...
2017-10-12 11:59:07 INFO  DBManager:27 - Creating statement...
2017-10-12 11:59:07 INFO  DBManager:33 - Query : INSERT INTO clientinfo VALUES(?,?)
2017-10-12 11:59:07 INFO  DBManager:36 - 1 record inserted 
2017-10-12 11:59:07 INFO  HTTPHandle:69 - Connection closed!!!
2017-10-12 12:29:21 INFO  WebServerInitializer:28 - Web Server Initializing...
2017-10-12 12:29:21 INFO  WebServer:27 - Web server Started
2017-10-12 12:29:21 INFO  WebServer:32 - server socket started at PORT 1111 and waiting for client request
2017-10-12 12:29:25 INFO  WebServer:37 - Connection is established
2017-10-12 12:29:25 INFO  DBManager:24 - Connecting to database...
2017-10-12 12:29:25 INFO  DBManager:27 - Creating statement...
2017-10-12 12:29:25 INFO  DBManager:33 - Query : INSERT INTO clientinfo VALUES(?,?)
2017-10-12 12:29:25 INFO  DBManager:36 - 1 record inserted 
2017-10-12 12:29:25 INFO  HTTPHandle:69 - Connection closed!!!
2017-10-12 12:29:37 INFO  WebServer:37 - Connection is established
2017-10-12 12:29:37 INFO  DBManager:24 - Connecting to database...
2017-10-12 12:29:37 INFO  DBManager:27 - Creating statement...
2017-10-12 12:29:37 INFO  DBManager:33 - Query : INSERT INTO clientinfo VALUES(?,?)
2017-10-12 12:29:37 INFO  DBManager:36 - 1 record inserted 
2017-10-12 12:29:37 INFO  HTTPHandle:69 - Connection closed!!!
2017-10-12 12:29:47 INFO  WebServer:37 - Connection is established
2017-10-12 12:29:47 INFO  DBManager:24 - Connecting to database...
2017-10-12 12:29:47 INFO  DBManager:27 - Creating statement...
2017-10-12 12:29:47 INFO  DBManager:33 - Query : INSERT INTO clientinfo VALUES(?,?)
2017-10-12 12:29:47 INFO  DBManager:36 - 1 record inserted 
2017-10-12 12:29:47 INFO  HTTPHandle:69 - Connection closed!!!
2017-10-12 15:27:00 INFO  WebServerInitializer:29 - Web Server Initializing...
2017-10-12 15:27:00 INFO  WebServer:27 - Web server Started
2017-10-12 15:27:00 INFO  WebServer:31 - server socket started at PORT 1111 and waiting for client request
2017-10-12 15:27:10 INFO  WebServer:36 - Connection is established
2017-10-12 15:27:10 INFO  DBManager:24 - Connecting to database...
2017-10-12 15:27:11 INFO  DBManager:27 - Creating statement...
2017-10-12 15:27:11 INFO  DBManager:33 - Query : INSERT INTO clientinfo VALUES(?,?)
2017-10-12 15:27:11 INFO  DBManager:36 - 1 record inserted 
2017-10-12 15:27:12 INFO  HTTPHandle:64 - Connection closed!!!
2017-10-12 15:29:26 INFO  WebServerInitializer:29 - Web Server Initializing...
2017-10-12 15:29:26 INFO  WebServer:29 - server socket started at PORT 1111 and waiting for client request
2017-10-12 15:29:58 INFO  WebServerInitializer:29 - Web Server Initializing...
2017-10-12 15:29:58 INFO  WebServer:29 - server socket started at PORT 1111 and waiting for client request
2017-10-12 15:30:10 INFO  WebServer:35 - Connection is established
2017-10-12 15:30:10 INFO  DBManager:24 - Connecting to database...
2017-10-12 15:30:10 INFO  DBManager:27 - Creating statement...
2017-10-12 15:30:10 INFO  DBManager:33 - Query : INSERT INTO clientinfo VALUES(?,?)
2017-10-12 15:30:10 INFO  DBManager:36 - 1 record inserted 
2017-10-12 15:30:10 INFO  HTTPHandle:64 - Connection closed!!!
2017-10-12 15:30:20 INFO  WebServerInitializer:29 - Web Server Initializing...
2017-10-12 15:30:20 INFO  WebServer:29 - server socket started at PORT 1111 and waiting for client request
2017-10-12 15:30:40 INFO  WebServerInitializer:29 - Web Server Initializing...
2017-10-12 15:30:40 INFO  WebServer:29 - server socket started at PORT 1111 and waiting for client request
2017-10-12 15:31:31 INFO  WebServerInitializer:29 - Web Server Initializing...
2017-10-12 15:31:31 INFO  WebServer:29 - server socket started at PORT 1111 and waiting for client request
2017-10-12 15:31:40 INFO  WebServer:35 - Connection is established
2017-10-12 15:31:40 INFO  DBManager:24 - Connecting to database...
2017-10-12 15:31:41 INFO  DBManager:27 - Creating statement...
2017-10-12 15:31:41 INFO  DBManager:33 - Query : INSERT INTO clientinfo VALUES(?,?)
2017-10-12 15:31:41 INFO  DBManager:36 - 1 record inserted 
2017-10-12 15:31:41 INFO  HTTPHandle:64 - Connection closed!!!
